Archive member included to satisfy reference by file (symbol)

/usr/lib/gcc/arm-none-eabi/8.3.1/thumb/v6-m/nofp/libgcc.a(_dvmd_tls.o)
                              CMakeFiles/mylearning.dir/home/agtrout/pico/pico-sdk/src/rp2_common/pico_divider/divider.S.obj (__aeabi_idiv0)
/usr/lib/gcc/arm-none-eabi/8.3.1/../../../arm-none-eabi/lib/thumb/v6-m/nofp/libg.a(lib_a-atexit.o)
                              /usr/lib/gcc/arm-none-eabi/8.3.1/../../../arm-none-eabi/lib/thumb/v6-m/nofp/crt0.o (atexit)
/usr/lib/gcc/arm-none-eabi/8.3.1/../../../arm-none-eabi/lib/thumb/v6-m/nofp/libg.a(lib_a-calloc.o)
                              CMakeFiles/mylearning.dir/home/agtrout/pico/pico-sdk/src/rp2_common/pico_malloc/pico_malloc.c.obj (calloc)
/usr/lib/gcc/arm-none-eabi/8.3.1/../../../arm-none-eabi/lib/thumb/v6-m/nofp/libg.a(lib_a-callocr.o)
                              /usr/lib/gcc/arm-none-eabi/8.3.1/../../../arm-none-eabi/lib/thumb/v6-m/nofp/libg.a(lib_a-calloc.o) (_calloc_r)
/usr/lib/gcc/arm-none-eabi/8.3.1/../../../arm-none-eabi/lib/thumb/v6-m/nofp/libg.a(lib_a-fini.o)
                              /usr/lib/gcc/arm-none-eabi/8.3.1/../../../arm-none-eabi/lib/thumb/v6-m/nofp/crt0.o (__libc_fini_array)
/usr/lib/gcc/arm-none-eabi/8.3.1/../../../arm-none-eabi/lib/thumb/v6-m/nofp/libg.a(lib_a-impure.o)
                              /usr/lib/gcc/arm-none-eabi/8.3.1/../../../arm-none-eabi/lib/thumb/v6-m/nofp/libg.a(lib_a-calloc.o) (_impure_ptr)
/usr/lib/gcc/arm-none-eabi/8.3.1/../../../arm-none-eabi/lib/thumb/v6-m/nofp/libg.a(lib_a-init.o)
                              /usr/lib/gcc/arm-none-eabi/8.3.1/../../../arm-none-eabi/lib/thumb/v6-m/nofp/crt0.o (__libc_init_array)
/usr/lib/gcc/arm-none-eabi/8.3.1/../../../arm-none-eabi/lib/thumb/v6-m/nofp/libg.a(lib_a-malloc.o)
                              CMakeFiles/mylearning.dir/home/agtrout/pico/pico-sdk/src/rp2_common/pico_malloc/pico_malloc.c.obj (malloc)
/usr/lib/gcc/arm-none-eabi/8.3.1/../../../arm-none-eabi/lib/thumb/v6-m/nofp/libg.a(lib_a-mallocr.o)
                              /usr/lib/gcc/arm-none-eabi/8.3.1/../../../arm-none-eabi/lib/thumb/v6-m/nofp/libg.a(lib_a-callocr.o) (_malloc_r)
/usr/lib/gcc/arm-none-eabi/8.3.1/../../../arm-none-eabi/lib/thumb/v6-m/nofp/libg.a(lib_a-mlock.o)
                              /usr/lib/gcc/arm-none-eabi/8.3.1/../../../arm-none-eabi/lib/thumb/v6-m/nofp/libg.a(lib_a-mallocr.o) (__malloc_lock)
/usr/lib/gcc/arm-none-eabi/8.3.1/../../../arm-none-eabi/lib/thumb/v6-m/nofp/libg.a(lib_a-realloc.o)
                              CMakeFiles/mylearning.dir/home/agtrout/pico/pico-sdk/src/rp2_common/pico_malloc/pico_malloc.c.obj (realloc)
/usr/lib/gcc/arm-none-eabi/8.3.1/../../../arm-none-eabi/lib/thumb/v6-m/nofp/libg.a(lib_a-reallocr.o)
                              /usr/lib/gcc/arm-none-eabi/8.3.1/../../../arm-none-eabi/lib/thumb/v6-m/nofp/libg.a(lib_a-realloc.o) (_realloc_r)
/usr/lib/gcc/arm-none-eabi/8.3.1/../../../arm-none-eabi/lib/thumb/v6-m/nofp/libg.a(lib_a-sbrkr.o)
                              /usr/lib/gcc/arm-none-eabi/8.3.1/../../../arm-none-eabi/lib/thumb/v6-m/nofp/libg.a(lib_a-mallocr.o) (_sbrk_r)
/usr/lib/gcc/arm-none-eabi/8.3.1/../../../arm-none-eabi/lib/thumb/v6-m/nofp/libg.a(lib_a-strlen-stub.o)
                              CMakeFiles/mylearning.dir/home/agtrout/pico/pico-sdk/src/rp2_common/pico_stdio/stdio.c.obj (strlen)
/usr/lib/gcc/arm-none-eabi/8.3.1/../../../arm-none-eabi/lib/thumb/v6-m/nofp/libg.a(lib_a-__atexit.o)
                              /usr/lib/gcc/arm-none-eabi/8.3.1/../../../arm-none-eabi/lib/thumb/v6-m/nofp/libg.a(lib_a-atexit.o) (__register_exitproc)
/usr/lib/gcc/arm-none-eabi/8.3.1/../../../arm-none-eabi/lib/thumb/v6-m/nofp/libg.a(lib_a-freer.o)
                              /usr/lib/gcc/arm-none-eabi/8.3.1/../../../arm-none-eabi/lib/thumb/v6-m/nofp/libg.a(lib_a-malloc.o) (_free_r)
/usr/lib/gcc/arm-none-eabi/8.3.1/../../../arm-none-eabi/lib/thumb/v6-m/nofp/libg.a(lib_a-memmove.o)
                              /usr/lib/gcc/arm-none-eabi/8.3.1/../../../arm-none-eabi/lib/thumb/v6-m/nofp/libg.a(lib_a-reallocr.o) (memmove)
/usr/lib/gcc/arm-none-eabi/8.3.1/../../../arm-none-eabi/lib/thumb/v6-m/nofp/libg.a(lib_a-reent.o)
                              /usr/lib/gcc/arm-none-eabi/8.3.1/../../../arm-none-eabi/lib/thumb/v6-m/nofp/libg.a(lib_a-sbrkr.o) (errno)

Allocating common symbols
Common symbol       size              file

sf_table            0x100             CMakeFiles/mylearning.dir/home/agtrout/pico/pico-sdk/src/rp2_common/pico_float/float_init_rom.c.obj
errno               0x4               /usr/lib/gcc/arm-none-eabi/8.3.1/../../../arm-none-eabi/lib/thumb/v6-m/nofp/libg.a(lib_a-reent.o)
sd_table            0x100             CMakeFiles/mylearning.dir/home/agtrout/pico/pico-sdk/src/rp2_common/pico_double/double_init_rom.c.obj
uart_char_to_line_feed
                    0x4               CMakeFiles/mylearning.dir/home/agtrout/pico/pico-sdk/src/rp2_common/hardware_uart/uart.c.obj

Discarded input sections

[...]
Memory Configuration

Name             Origin             Length             Attributes
FLASH            0x0000000010000000 0x0000000000200000 xr
RAM              0x0000000020000000 0x0000000000040000 xrw
SCRATCH_X        0x0000000020040000 0x0000000000001000 xrw
SCRATCH_Y        0x0000000020041000 0x0000000000001000 xrw
*default*        0x0000000000000000 0xffffffffffffffff

Linker script and memory map

LOAD /usr/lib/gcc/arm-none-eabi/8.3.1/thumb/v6-m/nofp/crti.o
LOAD /usr/lib/gcc/arm-none-eabi/8.3.1/thumb/v6-m/nofp/crtbegin.o
LOAD /usr/lib/gcc/arm-none-eabi/8.3.1/../../../arm-none-eabi/lib/thumb/v6-m/nofp/crt0.o

.flash_begin    0x0000000010000000        0x0
                0x0000000010000000                __flash_binary_start = .

.boot2          0x0000000010000000      0x100
                0x0000000010000000                __boot2_start__ = .
 *(.boot2)
 .boot2         0x0000000010000000      0x100 /tmp/cc8yixFT.o
                0x0000000010000100                __boot2_end__ = .
                0x0000000000000001                ASSERT (((__boot2_end__ - __boot2_start__) == 0x100), ERROR: Pico second stage bootloader must be 256 bytes in size)

.text           0x0000000010000100     0x4260
                0x0000000010000100                __logical_binary_start = .
 *(.vectors)
 .vectors       0x0000000010000100       0xd4 CMakeFiles/mylearning.dir/home/agtrout/pico/pico-sdk/src/rp2_common/pico_standard_link/crt0.S.obj
                0x0000000010000100                __vectors
                0x0000000010000100                __VECTOR_TABLE
                0x00000000100001c0                isr_invalid
                0x00000000100001c0                __default_isrs_start
                0x00000000100001c2                isr_nmi
                0x00000000100001c4                isr_hardfault
                0x00000000100001c6                isr_svcall
                0x00000000100001c8                isr_pendsv
                0x00000000100001ca                isr_systick
                0x00000000100001cc                isr_irq30
                0x00000000100001cc                __unhandled_user_irq
                0x00000000100001cc                isr_irq13
                0x00000000100001cc                isr_irq27
                0x00000000100001cc                isr_irq31
                0x00000000100001cc                isr_irq5
                0x00000000100001cc                isr_irq11
                0x00000000100001cc                isr_irq23
                0x00000000100001cc                isr_irq18
                0x00000000100001cc                isr_irq28
                0x00000000100001cc                isr_irq19
                0x00000000100001cc                isr_irq0
                0x00000000100001cc                isr_irq6
                0x00000000100001cc                isr_irq22
                0x00000000100001cc                isr_irq17
                0x00000000100001cc                isr_irq14
                0x00000000100001cc                isr_irq2
                0x00000000100001cc                isr_irq10
                0x00000000100001cc                isr_irq8
                0x00000000100001cc                isr_irq24
                0x00000000100001cc                isr_irq1
                0x00000000100001cc                isr_irq7
                0x00000000100001cc                isr_irq21
                0x00000000100001cc                isr_irq20
                0x00000000100001cc                isr_irq15
                0x00000000100001cc                isr_irq25
                0x00000000100001cc                isr_irq4
                0x00000000100001cc                isr_irq16
                0x00000000100001cc                isr_irq29
                0x00000000100001cc                isr_irq26
                0x00000000100001cc                __default_isrs_end
                0x00000000100001cc                isr_irq3
                0x00000000100001cc                isr_irq12
                0x00000000100001cc                isr_irq9
                0x00000000100001d2                unhandled_user_irq_num_in_r0
 *(.binary_info_header)
 .binary_info_header
                0x00000000100001d4       0x14 CMakeFiles/mylearning.dir/home/agtrout/pico/pico-sdk/src/rp2_common/pico_standard_link/crt0.S.obj
                0x00000000100001e8                __binary_info_header_end = .
 *(.reset)
 .reset         0x00000000100001e8       0xa8 CMakeFiles/mylearning.dir/home/agtrout/pico/pico-sdk/src/rp2_common/pico_standard_link/crt0.S.obj
                0x00000000100001e8                _entry_point
                0x0000000010000266                __get_current_exception
 .reset         0x0000000010000290       0x30 CMakeFiles/mylearning.dir/home/agtrout/pico/pico-sdk/src/rp2_common/pico_standard_link/binary_info.c.obj
 *(.init)
 .init          0x00000000100002c0        0x4 /usr/lib/gcc/arm-none-eabi/8.3.1/thumb/v6-m/nofp/crti.o
                0x00000000100002c0                _init
 *(EXCLUDE_FILE(*libm.a: *libc.a:*lib_a-mem*.o *libgcc.a:) .text*)
 .text          0x00000000100002c4       0x98 /usr/lib/gcc/arm-none-eabi/8.3.1/thumb/v6-m/nofp/crtbegin.o
 .text.main     0x000000001000035c       0x40 CMakeFiles/mylearning.dir/mylearning.c.obj
                0x000000001000035c                main
 .text.gpio_set_function
                0x000000001000039c       0x30 CMakeFiles/mylearning.dir/home/agtrout/pico/pico-sdk/src/rp2_common/hardware_gpio/gpio.c.obj
                0x000000001000039c                gpio_set_function
 .text.gpio_init
                0x00000000100003cc       0x16 CMakeFiles/mylearning.dir/home/agtrout/pico/pico-sdk/src/rp2_common/hardware_gpio/gpio.c.obj
                0x00000000100003cc                gpio_init
 *fill*         0x00000000100003e2        0x2 
 .text.hw_claim_lock
                0x00000000100003e4       0x18 CMakeFiles/mylearning.dir/home/agtrout/pico/pico-sdk/src/rp2_common/hardware_claim/claim.c.obj
                0x00000000100003e4                hw_claim_lock
 .text.hw_claim_unlock
                0x00000000100003fc       0x14 CMakeFiles/mylearning.dir/home/agtrout/pico/pico-sdk/src/rp2_common/hardware_claim/claim.c.obj
                0x00000000100003fc                hw_claim_unlock
 .text.hw_claim_or_assert
                0x0000000010000410       0x32 CMakeFiles/mylearning.dir/home/agtrout/pico/pico-sdk/src/rp2_common/hardware_claim/claim.c.obj
                0x0000000010000410                hw_claim_or_assert
 *fill*         0x0000000010000442        0x2 
 .text.running_on_fpga
                0x0000000010000444       0x14 CMakeFiles/mylearning.dir/home/agtrout/pico/pico-sdk/src/rp2_common/pico_platform/platform.c.obj
                0x0000000010000444                running_on_fpga
 .text.spin_locks_reset
                0x0000000010000458       0x20 CMakeFiles/mylearning.dir/home/agtrout/pico/pico-sdk/src/rp2_common/hardware_sync/sync.c.obj
                0x0000000010000458                spin_locks_reset
 .text.next_striped_spin_lock_num
                0x0000000010000478       0x1c CMakeFiles/mylearning.dir/home/agtrout/pico/pico-sdk/src/rp2_common/hardware_sync/sync.c.obj
                0x0000000010000478                next_striped_spin_lock_num
 .text.set_raw_irq_handler_and_unlock
                0x0000000010000494       0x28 CMakeFiles/mylearning.dir/home/agtrout/pico/pico-sdk/src/rp2_common/hardware_irq/irq.c.obj
 .text.make_branch
                0x00000000100004bc       0x48 CMakeFiles/mylearning.dir/home/agtrout/pico/pico-sdk/src/rp2_common/hardware_irq/irq.c.obj
 .text.insert_branch_and_link
                0x0000000010000504       0x40 CMakeFiles/mylearning.dir/home/agtrout/pico/pico-sdk/src/rp2_common/hardware_irq/irq.c.obj
 .text.irq_is_enabled
                0x0000000010000544       0x18 CMakeFiles/mylearning.dir/home/agtrout/pico/pico-sdk/src/rp2_common/hardware_irq/irq.c.obj
                0x0000000010000544                irq_is_enabled
 .text.irq_set_mask_enabled
                0x000000001000055c       0x20 CMakeFiles/mylearning.dir/home/agtrout/pico/pico-sdk/src/rp2_common/hardware_irq/irq.c.obj
                0x000000001000055c                irq_set_mask_enabled
 .text.irq_set_enabled
                0x000000001000057c        0xe CMakeFiles/mylearning.dir/home/agtrout/pico/pico-sdk/src/rp2_common/hardware_irq/irq.c.obj
                0x000000001000057c                irq_set_enabled
 *fill*         0x000000001000058a        0x2 
 .text.irq_get_vtable_handler
                0x000000001000058c       0x10 CMakeFiles/mylearning.dir/home/agtrout/pico/pico-sdk/src/rp2_common/hardware_irq/irq.c.obj
                0x000000001000058c                irq_get_vtable_handler
 .text.irq_set_exclusive_handler
                0x000000001000059c       0x54 CMakeFiles/mylearning.dir/home/agtrout/pico/pico-sdk/src/rp2_common/hardware_irq/irq.c.obj
                0x000000001000059c                irq_set_exclusive_handler
 .text.irq_remove_handler
                0x00000000100005f0      0x1a0 CMakeFiles/mylearning.dir/home/agtrout/pico/pico-sdk/src/rp2_common/hardware_irq/irq.c.obj
                0x00000000100005f0                irq_remove_handler
 .text.irq_add_tail_to_free_list
                0x0000000010000790       0xf0 CMakeFiles/mylearning.dir/home/agtrout/pico/pico-sdk/src/rp2_common/hardware_irq/irq.c.obj
                0x0000000010000790                irq_add_tail_to_free_list
 .text.irq_init_priorities
                0x0000000010000880       0x1c CMakeFiles/mylearning.dir/home/agtrout/pico/pico-sdk/src/rp2_common/hardware_irq/irq.c.obj
                0x0000000010000880                irq_init_priorities
 .text.lock_init
                0x000000001000089c       0x10 CMakeFiles/mylearning.dir/home/agtrout/pico/pico-sdk/src/common/pico_sync/lock_core.c.obj
                0x000000001000089c                lock_init
 .text.sleep_until_callback
                0x00000000100008ac       0x30 CMakeFiles/mylearning.dir/home/agtrout/pico/pico-sdk/src/common/pico_time/time.c.obj
 .text.alarm_pool_post_alloc_init
                0x00000000100008dc       0x40 CMakeFiles/mylearning.dir/home/agtrout/pico/pico-sdk/src/common/pico_time/time.c.obj
 .text.timer_pool_entry_comparator
                0x000000001000091c       0x7c CMakeFiles/mylearning.dir/home/agtrout/pico/pico-sdk/src/common/pico_time/time.c.obj
                0x000000001000091c                timer_pool_entry_comparator
 .text.ph_add_child_node
                0x0000000010000998       0xa4 CMakeFiles/mylearning.dir/home/agtrout/pico/pico-sdk/src/common/pico_time/time.c.obj
 .text.ph_merge_nodes
                0x0000000010000a3c       0x3e CMakeFiles/mylearning.dir/home/agtrout/pico/pico-sdk/src/common/pico_time/time.c.obj
 *fill*         0x0000000010000a7a        0x2 
 .text.add_alarm_under_lock
                0x0000000010000a7c      0x180 CMakeFiles/mylearning.dir/home/agtrout/pico/pico-sdk/src/common/pico_time/time.c.obj
 .text.alarm_pool_alarm_callback
                0x0000000010000bfc      0x328 CMakeFiles/mylearning.dir/home/agtrout/pico/pico-sdk/src/common/pico_time/time.c.obj
 .text.alarm_pool_init_default
                0x0000000010000f24       0x38 CMakeFiles/mylearning.dir/home/agtrout/pico/pico-sdk/src/common/pico_time/time.c.obj
                0x0000000010000f24                alarm_pool_init_default
 .text.alarm_pool_get_default
                0x0000000010000f5c       0x2c CMakeFiles/mylearning.dir/home/agtrout/pico/pico-sdk/src/common/pico_time/time.c.obj
                0x0000000010000f5c                alarm_pool_get_default
 .text.alarm_pool_add_alarm_at
                0x0000000010000f88      0x154 CMakeFiles/mylearning.dir/home/agtrout/pico/pico-sdk/src/common/pico_time/time.c.obj
                0x0000000010000f88                alarm_pool_add_alarm_at
 .text.sleep_until
                0x00000000100010dc       0xf8 CMakeFiles/mylearning.dir/home/agtrout/pico/pico-sdk/src/common/pico_time/time.c.obj
                0x00000000100010dc                sleep_until
 .text.sleep_us
                0x00000000100011d4       0x54 CMakeFiles/mylearning.dir/home/agtrout/pico/pico-sdk/src/common/pico_time/time.c.obj
                0x00000000100011d4                sleep_us
 .text.sleep_ms
                0x0000000010001228       0x14 CMakeFiles/mylearning.dir/home/agtrout/pico/pico-sdk/src/common/pico_time/time.c.obj
                0x0000000010001228                sleep_ms
 .text.hardware_alarm_irq_handler
                0x000000001000123c       0x8c CMakeFiles/mylearning.dir/home/agtrout/pico/pico-sdk/src/rp2_common/hardware_timer/timer.c.obj
 .text.hardware_alarm_claim
                0x00000000100012c8       0x18 CMakeFiles/mylearning.dir/home/agtrout/pico/pico-sdk/src/rp2_common/hardware_timer/timer.c.obj
                0x00000000100012c8                hardware_alarm_claim
 .text.time_us_64
                0x00000000100012e0       0x18 CMakeFiles/mylearning.dir/home/agtrout/pico/pico-sdk/src/rp2_common/hardware_timer/timer.c.obj
                0x00000000100012e0                time_us_64
 .text.busy_wait_until
                0x00000000100012f8       0x24 CMakeFiles/mylearning.dir/home/agtrout/pico/pico-sdk/src/rp2_common/hardware_timer/timer.c.obj
                0x00000000100012f8                busy_wait_until
 .text.hardware_alarm_set_callback
                0x000000001000131c       0x90 CMakeFiles/mylearning.dir/home/agtrout/pico/pico-sdk/src/rp2_common/hardware_timer/timer.c.obj
                0x000000001000131c                hardware_alarm_set_callback
 .text.hardware_alarm_set_target
                0x00000000100013ac       0xe8 CMakeFiles/mylearning.dir/home/agtrout/pico/pico-sdk/src/rp2_common/hardware_timer/timer.c.obj
                0x00000000100013ac                hardware_alarm_set_target
 .text.hardware_alarm_cancel
                0x0000000010001494       0x40 CMakeFiles/mylearning.dir/home/agtrout/pico/pico-sdk/src/rp2_common/hardware_timer/timer.c.obj
                0x0000000010001494                hardware_alarm_cancel
 .text.ph_add_child_node
                0x00000000100014d4       0xa4 CMakeFiles/mylearning.dir/home/agtrout/pico/pico-sdk/src/common/pico_util/pheap.c.obj
 .text.ph_merge_nodes
                0x0000000010001578       0x3e CMakeFiles/mylearning.dir/home/agtrout/pico/pico-sdk/src/common/pico_util/pheap.c.obj
 *fill*         0x00000000100015b6        0x2 
 .text.ph_clear
                0x00000000100015b8       0x70 CMakeFiles/mylearning.dir/home/agtrout/pico/pico-sdk/src/common/pico_util/pheap.c.obj
                0x00000000100015b8                ph_clear
 .text.ph_post_alloc_init
                0x0000000010001628        0xe CMakeFiles/mylearning.dir/home/agtrout/pico/pico-sdk/src/common/pico_util/pheap.c.obj
                0x0000000010001628                ph_post_alloc_init
 *fill*         0x0000000010001636        0x2 
 .text.ph_merge_two_pass
                0x0000000010001638       0xac CMakeFiles/mylearning.dir/home/agtrout/pico/pico-sdk/src/common/pico_util/pheap.c.obj
                0x0000000010001638                ph_merge_two_pass
 .text.ph_remove_any_head
                0x00000000100016e4      0x108 CMakeFiles/mylearning.dir/home/agtrout/pico/pico-sdk/src/common/pico_util/pheap.c.obj
 .text.ph_remove_head
                0x00000000100017ec       0x14 CMakeFiles/mylearning.dir/home/agtrout/pico/pico-sdk/src/common/pico_util/pheap.c.obj
                0x00000000100017ec                ph_remove_head
 .text.ph_remove_and_free_node
                0x0000000010001800       0xf8 CMakeFiles/mylearning.dir/home/agtrout/pico/pico-sdk/src/common/pico_util/pheap.c.obj
                0x0000000010001800                ph_remove_and_free_node
 .text.mutex_init
                0x00000000100018f8       0x1a CMakeFiles/mylearning.dir/home/agtrout/pico/pico-sdk/src/common/pico_sync/mutex.c.obj
                0x00000000100018f8                mutex_init
 .text.recursive_mutex_init
                0x0000000010001912       0x1e CMakeFiles/mylearning.dir/home/agtrout/pico/pico-sdk/src/common/pico_sync/mutex.c.obj
                0x0000000010001912                recursive_mutex_init
 .text.uart_set_baudrate
                0x0000000010001930       0x5c CMakeFiles/mylearning.dir/home/agtrout/pico/pico-sdk/src/rp2_common/hardware_uart/uart.c.obj
                0x0000000010001930                uart_set_baudrate
 .text.uart_set_translate_crlf
                0x000000001000198c       0x28 CMakeFiles/mylearning.dir/home/agtrout/pico/pico-sdk/src/rp2_common/hardware_uart/uart.c.obj
                0x000000001000198c                uart_set_translate_crlf
 .text.uart_init
                0x00000000100019b4       0x80 CMakeFiles/mylearning.dir/home/agtrout/pico/pico-sdk/src/rp2_common/hardware_uart/uart.c.obj
                0x00000000100019b4                uart_init
 .text._exit    0x0000000010001a34        0x4 CMakeFiles/mylearning.dir/home/agtrout/pico/pico-sdk/src/rp2_common/pico_runtime/runtime.c.obj
                0x0000000010001a34                _exit
 .text.exit     0x0000000010001a38        0x6 CMakeFiles/mylearning.dir/home/agtrout/pico/pico-sdk/src/rp2_common/pico_runtime/runtime.c.obj
                0x0000000010001a38                exit
 *fill*         0x0000000010001a3e        0x2 
 .text.__assert_func
                0x0000000010001a40       0x3c CMakeFiles/mylearning.dir/home/agtrout/pico/pico-sdk/src/rp2_common/pico_runtime/runtime.c.obj
                0x0000000010001a40                __assert_func
 .text.runtime_init
                0x0000000010001a7c       0xf8 CMakeFiles/mylearning.dir/home/agtrout/pico/pico-sdk/src/rp2_common/pico_runtime/runtime.c.obj
                0x0000000010001a7c                runtime_init
 .text.panic    0x0000000010001b74       0x30 CMakeFiles/mylearning.dir/home/agtrout/pico/pico-sdk/src/rp2_common/pico_runtime/runtime.c.obj
                0x0000000010001b74                panic
 .text.clock_configure
                0x0000000010001ba4       0xfc CMakeFiles/mylearning.dir/home/agtrout/pico/pico-sdk/src/rp2_common/hardware_clocks/clocks.c.obj
                0x0000000010001ba4                clock_configure
 .text.clocks_init
                0x0000000010001ca0      0x100 CMakeFiles/mylearning.dir/home/agtrout/pico/pico-sdk/src/rp2_common/hardware_clocks/clocks.c.obj
                0x0000000010001ca0                clocks_init
 .text.clock_get_hz
                0x0000000010001da0        0xc CMakeFiles/mylearning.dir/home/agtrout/pico/pico-sdk/src/rp2_common/hardware_clocks/clocks.c.obj
                0x0000000010001da0                clock_get_hz
 .text.pll_init
                0x0000000010001dac      0x140 CMakeFiles/mylearning.dir/home/agtrout/pico/pico-sdk/src/rp2_common/hardware_pll/pll.c.obj
                0x0000000010001dac                pll_init
 .text.watchdog_start_tick
                0x0000000010001eec       0x10 CMakeFiles/mylearning.dir/home/agtrout/pico/pico-sdk/src/rp2_common/hardware_watchdog/watchdog.c.obj
                0x0000000010001eec                watchdog_start_tick
 .text.xosc_init
                0x0000000010001efc       0x28 CMakeFiles/mylearning.dir/home/agtrout/pico/pico-sdk/src/rp2_common/hardware_xosc/xosc.c.obj
                0x0000000010001efc                xosc_init
 .text._out_null
                0x0000000010001f24        0x2 CMakeFiles/mylearning.dir/home/agtrout/pico/pico-sdk/src/rp2_common/pico_printf/printf.c.obj
 .text._out_fct
                0x0000000010001f26        0xe CMakeFiles/mylearning.dir/home/agtrout/pico/pico-sdk/src/rp2_common/pico_printf/printf.c.obj
 .text._atoi    0x0000000010001f34       0x28 CMakeFiles/mylearning.dir/home/agtrout/pico/pico-sdk/src/rp2_common/pico_printf/printf.c.obj
 .text._out_rev
                0x0000000010001f5c       0x8c CMakeFiles/mylearning.dir/home/agtrout/pico/pico-sdk/src/rp2_common/pico_printf/printf.c.obj
 .text._ntoa_format
                0x0000000010001fe8      0x10c CMakeFiles/mylearning.dir/home/agtrout/pico/pico-sdk/src/rp2_common/pico_printf/printf.c.obj
 .text._ntoa_long
                0x00000000100020f4       0xb0 CMakeFiles/mylearning.dir/home/agtrout/pico/pico-sdk/src/rp2_common/pico_printf/printf.c.obj
 .text._ntoa_long_long
                0x00000000100021a4       0xe6 CMakeFiles/mylearning.dir/home/agtrout/pico/pico-sdk/src/rp2_common/pico_printf/printf.c.obj
 *fill*         0x000000001000228a        0x2 
 .text._etoa    0x000000001000228c      0x408 CMakeFiles/mylearning.dir/home/agtrout/pico/pico-sdk/src/rp2_common/pico_printf/printf.c.obj
 .text._ftoa    0x0000000010002694      0x344 CMakeFiles/mylearning.dir/home/agtrout/pico/pico-sdk/src/rp2_common/pico_printf/printf.c.obj
 .text._vsnprintf
                0x00000000100029d8      0x61c CMakeFiles/mylearning.dir/home/agtrout/pico/pico-sdk/src/rp2_common/pico_printf/printf.c.obj
 .text.vfctprintf
                0x0000000010002ff4       0x20 CMakeFiles/mylearning.dir/home/agtrout/pico/pico-sdk/src/rp2_common/pico_printf/printf.c.obj
                0x0000000010002ff4                vfctprintf
 .text          0x0000000010003014       0x10 CMakeFiles/mylearning.dir/home/agtrout/pico/pico-sdk/src/rp2_common/pico_bit_ops/bit_ops_aeabi.S.obj
 .text.rom_func_lookup
                0x0000000010003024       0x10 CMakeFiles/mylearning.dir/home/agtrout/pico/pico-sdk/src/rp2_common/pico_bootrom/bootrom.c.obj
                0x0000000010003024                rom_func_lookup
 .text.rom_data_lookup
                0x0000000010003034       0x10 CMakeFiles/mylearning.dir/home/agtrout/pico/pico-sdk/src/rp2_common/pico_bootrom/bootrom.c.obj
                0x0000000010003034                rom_data_lookup
 .text.rom_funcs_lookup
                0x0000000010003044       0x36 CMakeFiles/mylearning.dir/home/agtrout/pico/pico-sdk/src/rp2_common/pico_bootrom/bootrom.c.obj
                0x0000000010003044                rom_funcs_lookup
 *fill*         0x000000001000307a        0x2 
 .text.__wrap___aeabi_idiv
                0x000000001000307c       0x50 CMakeFiles/mylearning.dir/home/agtrout/pico/pico-sdk/src/rp2_common/pico_divider/divider.S.obj
                0x000000001000307c                __wrap___aeabi_idivmod
                0x000000001000307c                divmod_s32s32
                0x000000001000307c                div_s32s32
                0x000000001000307c                __wrap___aeabi_idiv
                0x0000000010003084                divmod_s32s32_unsafe
                0x00000000100030b0                divmod_s32s32_savestate
 .text.__wrap___aeabi_uidiv
                0x00000000100030cc       0x4c CMakeFiles/mylearning.dir/home/agtrout/pico/pico-sdk/src/rp2_common/pico_divider/divider.S.obj
                0x00000000100030cc                __wrap___aeabi_uidiv
                0x00000000100030cc                __wrap___aeabi_uidivmod
                0x00000000100030cc                div_u32u32
                0x00000000100030cc                divmod_u32u32
                0x00000000100030d4                divmod_u32u32_unsafe
                0x00000000100030fc                divmod_u32u32_savestate
 .text.__wrap___aeabi_ldiv
                0x0000000010003118      0x434 CMakeFiles/mylearning.dir/home/agtrout/pico/pico-sdk/src/rp2_common/pico_divider/divider.S.obj
                0x0000000010003118                div_s64s64
                0x0000000010003118                divmod_s64s64
                0x0000000010003118                __wrap___aeabi_ldivmod
                0x0000000010003150                div_u64u64
                0x0000000010003150                divmod_u64u64
                0x0000000010003150                __wrap___aeabi_uldivmod
                0x0000000010003160                divmod_u64u64_savestate
                0x0000000010003188                divmod_s64s64_unsafe
                0x0000000010003210                divmod_u64u64_unsafe
 .text.__wrap___aeabi_darithmetic
                0x000000001000354c       0x80 CMakeFiles/mylearning.dir/home/agtrout/pico/pico-sdk/src/rp2_common/pico_double/double_aeabi.S.obj
                0x000000001000354c                __wrap___aeabi_drsub
                0x0000000010003552                __wrap___aeabi_dsub
                0x0000000010003564                __wrap___aeabi_dadd
                0x0000000010003576                __wrap___aeabi_ddiv
                0x00000000100035b2                __wrap___aeabi_dmul
 .text.__wrap___aeabi_cdcmple
                0x00000000100035cc       0x6c CMakeFiles/mylearning.dir/home/agtrout/pico/pico-sdk/src/rp2_common/pico_double/double_aeabi.S.obj
                0x00000000100035cc                __wrap___aeabi_cdrcmple
                0x00000000100035dc                __wrap___aeabi_cdcmple
                0x00000000100035dc                __wrap___aeabi_cdcmpeq
 .text.__wrap___aeabi_dcmplt
                0x0000000010003638        0xc CMakeFiles/mylearning.dir/home/agtrout/pico/pico-sdk/src/rp2_common/pico_double/double_aeabi.S.obj
                0x0000000010003638                __wrap___aeabi_dcmplt
 .text.__wrap___aeabi_dcmple
                0x0000000010003644       0x10 CMakeFiles/mylearning.dir/home/agtrout/pico/pico-sdk/src/rp2_common/pico_double/double_aeabi.S.obj
                0x0000000010003644                __wrap___aeabi_dcmple
 .text.__wrap___aeabi_dcmpge
                0x0000000010003654       0x10 CMakeFiles/mylearning.dir/home/agtrout/pico/pico-sdk/src/rp2_common/pico_double/double_aeabi.S.obj
                0x0000000010003654                __wrap___aeabi_dcmpge
 .text.__wrap___aeabi_dcmpgt
                0x0000000010003664        0xa CMakeFiles/mylearning.dir/home/agtrout/pico/pico-sdk/src/rp2_common/pico_double/double_aeabi.S.obj
                0x0000000010003664                __wrap___aeabi_dcmpgt
 .text.__wrap___aeabi_dcmpun
                0x000000001000366e       0x1c CMakeFiles/mylearning.dir/home/agtrout/pico/pico-sdk/src/rp2_common/pico_double/double_aeabi.S.obj
                0x000000001000366e                __wrap___aeabi_dcmpun
 *fill*         0x000000001000368a        0x2 
 .text.__wrap___aeabi_i2d
                0x000000001000368c       0x38 CMakeFiles/mylearning.dir/home/agtrout/pico/pico-sdk/src/rp2_common/pico_double/double_aeabi.S.obj
                0x000000001000368c                __wrap___aeabi_ui2d
                0x0000000010003694                __wrap___aeabi_i2d
 .text.__wrap___aeabi_d2iz
                0x00000000100036c4       0x48 CMakeFiles/mylearning.dir/home/agtrout/pico/pico-sdk/src/rp2_common/pico_double/double_aeabi.S.obj
                0x00000000100036c4                __wrap___aeabi_d2iz
                0x00000000100036c4                double2int_z
 .text.__wrap___aeabi_d2uiz
                0x000000001000370c       0x18 CMakeFiles/mylearning.dir/home/agtrout/pico/pico-sdk/src/rp2_common/pico_double/double_aeabi.S.obj
                0x000000001000370c                double2uint
                0x000000001000370c                __wrap___aeabi_d2uiz
 .text.__aeabi_double_init
                0x0000000010003724       0xc8 CMakeFiles/mylearning.dir/home/agtrout/pico/pico-sdk/src/rp2_common/pico_double/double_init_rom.c.obj
                0x0000000010003724                __aeabi_double_init
 .text.double_table_shim_on_use_helper
                0x00000000100037ec       0x34 CMakeFiles/mylearning.dir/home/agtrout/pico/pico-sdk/src/rp2_common/pico_double/double_v1_rom_shim.S.obj
                0x00000000100037ec                double_table_shim_on_use_helper
 .text.__wrap___aeabi_dsub
                0x0000000010003820       0x10 CMakeFiles/mylearning.dir/home/agtrout/pico/pico-sdk/src/rp2_common/pico_double/double_v1_rom_shim.S.obj
                0x0000000010003820                drsub_shim
                0x0000000010003826                dsub_shim
 .text.dadd_shim
                0x0000000010003830      0x15c CMakeFiles/mylearning.dir/home/agtrout/pico/pico-sdk/src/rp2_common/pico_double/double_v1_rom_shim.S.obj
                0x0000000010003830                dadd_shim
 .text.dmul_shim
                0x000000001000398c      0x15c CMakeFiles/mylearning.dir/home/agtrout/pico/pico-sdk/src/rp2_common/pico_double/double_v1_rom_shim.S.obj
                0x000000001000398c                dmul_shim
 .text.ddiv_shim
                0x0000000010003ae8      0x1b0 CMakeFiles/mylearning.dir/home/agtrout/pico/pico-sdk/src/rp2_common/pico_double/double_v1_rom_shim.S.obj
                0x0000000010003ae8                ddiv_shim
 .text.double2uint_shim
                0x0000000010003c98        0xe CMakeFiles/mylearning.dir/home/agtrout/pico/pico-sdk/src/rp2_common/pico_double/double_v1_rom_shim.S.obj
                0x0000000010003c98                double2uint_shim
                0x0000000010003c9a                double2ufix_shim
 *fill*         0x0000000010003ca6        0x2 
 .text.double2uint64_shim
                0x0000000010003ca8       0x70 CMakeFiles/mylearning.dir/home/agtrout/pico/pico-sdk/src/rp2_common/pico_double/double_v1_rom_shim.S.obj
                0x0000000010003ca8                double2uint64_shim
                0x0000000010003caa                double2ufix64_shim
                0x0000000010003cca                d2fix_a
 .text.dunpacks
                0x0000000010003d18       0x3c CMakeFiles/mylearning.dir/home/agtrout/pico/pico-sdk/src/rp2_common/pico_double/double_v1_rom_shim.S.obj
                0x0000000010003d18                dunpacks
 .text.__aeabi_lmul
                0x0000000010003d54       0x32 CMakeFiles/mylearning.dir/home/agtrout/pico/pico-sdk/src/rp2_common/pico_int64_ops/pico_int64_ops_aeabi.S.obj
                0x0000000010003d54                __wrap___aeabi_lmul
 *fill*         0x0000000010003d86        0x2 
 .text.__aeabi_float_init
                0x0000000010003d88       0xfc CMakeFiles/mylearning.dir/home/agtrout/pico/pico-sdk/src/rp2_common/pico_float/float_init_rom.c.obj
                0x0000000010003d88                __aeabi_float_init
 .text.float_table_shim_on_use_helper
                0x0000000010003e84       0x34 CMakeFiles/mylearning.dir/home/agtrout/pico/pico-sdk/src/rp2_common/pico_float/float_v1_rom_shim.S.obj
                0x0000000010003e84                float_table_shim_on_use_helper
 .text          0x0000000010003eb8       0x10 CMakeFiles/mylearning.dir/home/agtrout/pico/pico-sdk/src/rp2_common/pico_mem_ops/mem_ops_aeabi.S.obj
                0x0000000010003eb8                __aeabi_mem_init
 .text.memset   0x0000000010003ec8        0xc CMakeFiles/mylearning.dir/home/agtrout/pico/pico-sdk/src/rp2_common/pico_mem_ops/mem_ops_aeabi.S.obj
                0x0000000010003ec8                __wrap_memset
 .text.memcpy   0x0000000010003ed4        0xc CMakeFiles/mylearning.dir/home/agtrout/pico/pico-sdk/src/rp2_common/pico_mem_ops/mem_ops_aeabi.S.obj
                0x0000000010003ed4                __wrap___aeabi_memcpy
                0x0000000010003ed4                __wrap_memcpy
 .text.stdio_out_chars_no_crlf
                0x0000000010003ee0        0xe CMakeFiles/mylearning.dir/home/agtrout/pico/pico-sdk/src/rp2_common/pico_stdio/stdio.c.obj
 *fill*         0x0000000010003eee        0x2 
 .text.stdio_out_chars_crlf
                0x0000000010003ef0       0x80 CMakeFiles/mylearning.dir/home/agtrout/pico/pico-sdk/src/rp2_common/pico_stdio/stdio.c.obj
 .text.stdio_stack_buffer_flush
                0x0000000010003f70       0x44 CMakeFiles/mylearning.dir/home/agtrout/pico/pico-sdk/src/rp2_common/pico_stdio/stdio.c.obj
 .text.stdio_buffered_printer
                0x0000000010003fb4       0x20 CMakeFiles/mylearning.dir/home/agtrout/pico/pico-sdk/src/rp2_common/pico_stdio/stdio.c.obj
 .text.stdout_serialize_begin
                0x0000000010003fd4       0x30 CMakeFiles/mylearning.dir/home/agtrout/pico/pico-sdk/src/rp2_common/pico_stdio/stdio.c.obj
                0x0000000010003fd4                stdout_serialize_begin
 .text.stdout_serialize_end
                0x0000000010004004       0x10 CMakeFiles/mylearning.dir/home/agtrout/pico/pico-sdk/src/rp2_common/pico_stdio/stdio.c.obj
                0x0000000010004004                stdout_serialize_end
 .text.stdio_put_string
                0x0000000010004014       0x94 CMakeFiles/mylearning.dir/home/agtrout/pico/pico-sdk/src/rp2_common/pico_stdio/stdio.c.obj
 .text.stdio_set_driver_enabled
                0x00000000100040a8       0x2c CMakeFiles/mylearning.dir/home/agtrout/pico/pico-sdk/src/rp2_common/pico_stdio/stdio.c.obj
                0x00000000100040a8                stdio_set_driver_enabled
 .text.stdio_flush
                0x00000000100040d4       0x20 CMakeFiles/mylearning.dir/home/agtrout/pico/pico-sdk/src/rp2_common/pico_stdio/stdio.c.obj
                0x00000000100040d4                stdio_flush
 .text.__wrap_puts
                0x00000000100040f4       0x1e CMakeFiles/mylearning.dir/home/agtrout/pico/pico-sdk/src/rp2_common/pico_stdio/stdio.c.obj
                0x00000000100040f4                __wrap_puts
 *fill*         0x0000000010004112        0x2 
 .text.__wrap_vprintf
                0x0000000010004114       0x44 CMakeFiles/mylearning.dir/home/agtrout/pico/pico-sdk/src/rp2_common/pico_stdio/stdio.c.obj
                0x0000000010004114                __wrap_vprintf
 .text.__wrap_printf
                0x0000000010004158       0x18 CMakeFiles/mylearning.dir/home/agtrout/pico/pico-sdk/src/rp2_common/pico_stdio/stdio.c.obj
                0x0000000010004158                __wrap_printf
 .text.stdio_init_all
                0x0000000010004170        0x8 CMakeFiles/mylearning.dir/home/agtrout/pico/pico-sdk/src/rp2_common/pico_stdio/stdio.c.obj
                0x0000000010004170                stdio_init_all
 .text.stdio_uart_out_chars
                0x0000000010004178       0x74 CMakeFiles/mylearning.dir/home/agtrout/pico/pico-sdk/src/rp2_common/pico_stdio_uart/stdio_uart.c.obj
 .text.stdio_uart_in_chars
                0x00000000100041ec       0x54 CMakeFiles/mylearning.dir/home/agtrout/pico/pico-sdk/src/rp2_common/pico_stdio_uart/stdio_uart.c.obj
                0x00000000100041ec                stdio_uart_in_chars
 .text.stdio_uart_init_full
                0x0000000010004240       0x3c CMakeFiles/mylearning.dir/home/agtrout/pico/pico-sdk/src/rp2_common/pico_stdio_uart/stdio_uart.c.obj
                0x0000000010004240                stdio_uart_init_full
 .text.stdio_uart_init
                0x000000001000427c       0x28 CMakeFiles/mylearning.dir/home/agtrout/pico/pico-sdk/src/rp2_common/pico_stdio_uart/stdio_uart.c.obj
                0x000000001000427c                stdio_uart_init
 .text          0x00000000100042a4       0x68 /usr/lib/gcc/arm-none-eabi/8.3.1/../../../arm-none-eabi/lib/thumb/v6-m/nofp/libg.a(lib_a-strlen-stub.o)
                0x00000000100042a4                strlen
 *(.fini)
 .fini          0x000000001000430c        0x4 /usr/lib/gcc/arm-none-eabi/8.3.1/thumb/v6-m/nofp/crti.o
                0x000000001000430c                _fini
 .fini.__stub   0x0000000010004310       0x50 linker stubs
 *crtbegin.o(.ctors)
 *crtbegin?.o(.ctors)
 *(EXCLUDE_FILE(*crtend.o *crtend?.o) .ctors)
 *(SORT_BY_NAME(.ctors.*))
 *(.ctors)
 *crtbegin.o(.dtors)
 *crtbegin?.o(.dtors)
 *(EXCLUDE_FILE(*crtend.o *crtend?.o) .dtors)
 *(SORT_BY_NAME(.dtors.*))
 *(.dtors)
 *(.eh_frame*)
 .eh_frame      0x0000000010004360        0x0 /usr/lib/gcc/arm-none-eabi/8.3.1/thumb/v6-m/nofp/crtbegin.o
                0x0000000010004360                . = ALIGN (0x4)

.glue_7         0x0000000010004360        0x0
 .glue_7        0x0000000010004360        0x0 linker stubs

.glue_7t        0x0000000010004360        0x0
 .glue_7t       0x0000000010004360        0x0 linker stubs

.vfp11_veneer   0x0000000010004360        0x0
 .vfp11_veneer  0x0000000010004360        0x0 linker stubs

.v4_bx          0x0000000010004360        0x0
 .v4_bx         0x0000000010004360        0x0 linker stubs

.iplt           0x0000000010004360        0x0
 .iplt          0x0000000010004360        0x0 /usr/lib/gcc/arm-none-eabi/8.3.1/thumb/v6-m/nofp/crtbegin.o

.rodata         0x0000000010004360      0xee0
 *(EXCLUDE_FILE(*libm.a: *libc.a:*lib_a-mem*.o *libgcc.a:) .rodata*)
 .rodata.main.str1.4
                0x0000000010004360        0x9 CMakeFiles/mylearning.dir/mylearning.c.obj
 *fill*         0x0000000010004369        0x3 
 .rodata.__func__.4827
                0x000000001000436c       0x1a CMakeFiles/mylearning.dir/home/agtrout/pico/pico-sdk/src/rp2_common/hardware_irq/irq.c.obj
 *fill*         0x0000000010004386        0x2 
 .rodata.__func__.4841
                0x0000000010004388        0xc CMakeFiles/mylearning.dir/home/agtrout/pico/pico-sdk/src/rp2_common/hardware_irq/irq.c.obj
 .rodata.__func__.4849
                0x0000000010004394       0x17 CMakeFiles/mylearning.dir/home/agtrout/pico/pico-sdk/src/rp2_common/hardware_irq/irq.c.obj
 *fill*         0x00000000100043ab        0x1 
 .rodata.__func__.4853
                0x00000000100043ac        0xf CMakeFiles/mylearning.dir/home/agtrout/pico/pico-sdk/src/rp2_common/hardware_irq/irq.c.obj
 *fill*         0x00000000100043bb        0x1 
 .rodata.__func__.4892
                0x00000000100043bc       0x13 CMakeFiles/mylearning.dir/home/agtrout/pico/pico-sdk/src/rp2_common/hardware_irq/irq.c.obj
 *fill*         0x00000000100043cf        0x1 
 .rodata.__func__.4914
                0x00000000100043d0       0x1a CMakeFiles/mylearning.dir/home/agtrout/pico/pico-sdk/src/rp2_common/hardware_irq/irq.c.obj
 *fill*         0x00000000100043ea        0x2 
 .rodata.insert_branch_and_link.str1.4
                0x00000000100043ec       0x10 CMakeFiles/mylearning.dir/home/agtrout/pico/pico-sdk/src/rp2_common/hardware_irq/irq.c.obj
 .rodata.irq_add_shared_handler.str1.4
                0x00000000100043fc       0xd9 CMakeFiles/mylearning.dir/home/agtrout/pico/pico-sdk/src/rp2_common/hardware_irq/irq.c.obj
 *fill*         0x00000000100044d5        0x3 
 .rodata.irq_add_tail_to_free_list.str1.4
                0x00000000100044d8       0x3a CMakeFiles/mylearning.dir/home/agtrout/pico/pico-sdk/src/rp2_common/hardware_irq/irq.c.obj
 *fill*         0x0000000010004512        0x2 
 .rodata.irq_remove_handler.str1.4
                0x0000000010004514       0x2a CMakeFiles/mylearning.dir/home/agtrout/pico/pico-sdk/src/rp2_common/hardware_irq/irq.c.obj
 *fill*         0x000000001000453e        0x2 
 .rodata.irq_set_exclusive_handler.str1.4
                0x0000000010004540       0x36 CMakeFiles/mylearning.dir/home/agtrout/pico/pico-sdk/src/rp2_common/hardware_irq/irq.c.obj
 *fill*         0x0000000010004576        0x2 
 .rodata.make_branch.str1.4
                0x0000000010004578       0x6e CMakeFiles/mylearning.dir/home/agtrout/pico/pico-sdk/src/rp2_common/hardware_irq/irq.c.obj
 *fill*         0x00000000100045e6        0x2 
 .rodata.__func__.5751
                0x00000000100045e8       0x15 CMakeFiles/mylearning.dir/home/agtrout/pico/pico-sdk/src/common/pico_time/time.c.obj
 *fill*         0x00000000100045fd        0x3 
 .rodata.__func__.6069
                0x0000000010004600        0xc CMakeFiles/mylearning.dir/home/agtrout/pico/pico-sdk/src/common/pico_time/time.c.obj
 .rodata.__func__.6076
                0x000000001000460c       0x12 CMakeFiles/mylearning.dir/home/agtrout/pico/pico-sdk/src/common/pico_time/time.c.obj
 *fill*         0x000000001000461e        0x2 
 .rodata.__func__.6092
                0x0000000010004620        0xf CMakeFiles/mylearning.dir/home/agtrout/pico/pico-sdk/src/common/pico_time/time.c.obj
 *fill*         0x000000001000462f        0x1 
 .rodata.__func__.6114
                0x0000000010004630        0xd CMakeFiles/mylearning.dir/home/agtrout/pico/pico-sdk/src/common/pico_time/time.c.obj
 *fill*         0x000000001000463d        0x3 
 .rodata.__func__.6337
                0x0000000010004640        0xa CMakeFiles/mylearning.dir/home/agtrout/pico/pico-sdk/src/common/pico_time/time.c.obj
 *fill*         0x000000001000464a        0x2 
 .rodata.__func__.6342
                0x000000001000464c       0x12 CMakeFiles/mylearning.dir/home/agtrout/pico/pico-sdk/src/common/pico_time/time.c.obj
 *fill*         0x000000001000465e        0x2 
 .rodata.__func__.6357
                0x0000000010004660       0x17 CMakeFiles/mylearning.dir/home/agtrout/pico/pico-sdk/src/common/pico_time/time.c.obj
 *fill*         0x0000000010004677        0x1 
 .rodata.__func__.6368
                0x0000000010004678       0x15 CMakeFiles/mylearning.dir/home/agtrout/pico/pico-sdk/src/common/pico_time/time.c.obj
 *fill*         0x000000001000468d        0x3 
 .rodata.__func__.6385
                0x0000000010004690       0x1a CMakeFiles/mylearning.dir/home/agtrout/pico/pico-sdk/src/common/pico_time/time.c.obj
 *fill*         0x00000000100046aa        0x2 
 .rodata.add_alarm_under_lock.str1.4
                0x00000000100046ac       0x28 CMakeFiles/mylearning.dir/home/agtrout/pico/pico-sdk/src/common/pico_time/time.c.obj
                                         0x2b (size before relaxing)
 .rodata.alarm_pool_alarm_callback.str1.4
                0x00000000100046d4       0xe6 CMakeFiles/mylearning.dir/home/agtrout/pico/pico-sdk/src/common/pico_time/time.c.obj
 *fill*         0x00000000100047ba        0x2 
 .rodata.alarm_pool_dump_key.str1.4
                0x00000000100047bc       0x33 CMakeFiles/mylearning.dir/home/agtrout/pico/pico-sdk/src/common/pico_time/time.c.obj
 *fill*         0x00000000100047ef        0x1 
 .rodata.alarm_pool_get_default.str1.4
                0x00000000100047f0       0x21 CMakeFiles/mylearning.dir/home/agtrout/pico/pico-sdk/src/common/pico_time/time.c.obj
 *fill*         0x0000000010004811        0x3 
 .rodata.ph_add_child_node.str1.4
                0x0000000010004814       0x96 CMakeFiles/mylearning.dir/home/agtrout/pico/pico-sdk/src/common/pico_time/time.c.obj
 *fill*         0x00000000100048aa        0x2 
 .rodata.repeating_timer_callback.str1.4
                0x00000000100048ac       0x4c CMakeFiles/mylearning.dir/home/agtrout/pico/pico-sdk/src/common/pico_time/time.c.obj
 .rodata.sleep_until.str1.4
                0x00000000100048f8       0x4d CMakeFiles/mylearning.dir/home/agtrout/pico/pico-sdk/src/common/pico_time/time.c.obj
 *fill*         0x0000000010004945        0x3 
 .rodata.__func__.4625
                0x0000000010004948       0x1a CMakeFiles/mylearning.dir/home/agtrout/pico/pico-sdk/src/rp2_common/hardware_timer/timer.c.obj
 *fill*         0x0000000010004962        0x2 
 .rodata.hardware_alarm_claim.str1.4
                0x0000000010004964       0x22 CMakeFiles/mylearning.dir/home/agtrout/pico/pico-sdk/src/rp2_common/hardware_timer/timer.c.obj
 *fill*         0x0000000010004986        0x2 
 .rodata.hardware_alarm_set_target.str1.4
                0x0000000010004988       0x66 CMakeFiles/mylearning.dir/home/agtrout/pico/pico-sdk/src/rp2_common/hardware_timer/timer.c.obj
 *fill*         0x00000000100049ee        0x2 
 .rodata.__func__.5767
                0x00000000100049f0        0xc CMakeFiles/mylearning.dir/home/agtrout/pico/pico-sdk/src/common/pico_util/pheap.c.obj
 .rodata.__func__.5774
                0x00000000100049fc       0x12 CMakeFiles/mylearning.dir/home/agtrout/pico/pico-sdk/src/common/pico_util/pheap.c.obj
 *fill*         0x0000000010004a0e        0x2 
 .rodata.__func__.5860
                0x0000000010004a10       0x13 CMakeFiles/mylearning.dir/home/agtrout/pico/pico-sdk/src/common/pico_util/pheap.c.obj
 *fill*         0x0000000010004a23        0x1 
 .rodata.__func__.5878
                0x0000000010004a24       0x18 CMakeFiles/mylearning.dir/home/agtrout/pico/pico-sdk/src/common/pico_util/pheap.c.obj
 .rodata.ph_add_child_node.str1.4
                0x0000000010004a3c       0x96 CMakeFiles/mylearning.dir/home/agtrout/pico/pico-sdk/src/common/pico_util/pheap.c.obj
 .rodata.ph_remove_and_free_node.str1.4
                0x0000000010004a3c       0x1e CMakeFiles/mylearning.dir/home/agtrout/pico/pico-sdk/src/common/pico_util/pheap.c.obj
                                         0x26 (size before relaxing)
 *fill*         0x0000000010004a5a        0x2 
 .rodata.ph_remove_any_head.str1.4
                0x0000000010004a5c       0x90 CMakeFiles/mylearning.dir/home/agtrout/pico/pico-sdk/src/common/pico_util/pheap.c.obj
 .rodata.__func__.4759
                0x0000000010004aec        0xb CMakeFiles/mylearning.dir/home/agtrout/pico/pico-sdk/src/common/pico_sync/mutex.c.obj
 *fill*         0x0000000010004af7        0x1 
 .rodata.str1.4
                0x0000000010004af8       0x8d CMakeFiles/mylearning.dir/home/agtrout/pico/pico-sdk/src/common/pico_sync/mutex.c.obj
                                         0xf1 (size before relaxing)
 *fill*         0x0000000010004b85        0x3 
 .rodata.__assert_func.str1.4
                0x0000000010004b88       0x3f CMakeFiles/mylearning.dir/home/agtrout/pico/pico-sdk/src/rp2_common/pico_runtime/runtime.c.obj
                                         0x43 (size before relaxing)
 *fill*         0x0000000010004bc7        0x1 
 .rodata.__func__.5885
                0x0000000010004bc8        0xd CMakeFiles/mylearning.dir/home/agtrout/pico/pico-sdk/src/rp2_common/pico_runtime/runtime.c.obj
 *fill*         0x0000000010004bd5        0x3 
 .rodata.panic.str1.4
                0x0000000010004bd8       0x12 CMakeFiles/mylearning.dir/home/agtrout/pico/pico-sdk/src/rp2_common/pico_runtime/runtime.c.obj
 *fill*         0x0000000010004bea        0x2 
 .rodata.runtime_init.str1.4
                0x0000000010004bec       0x62 CMakeFiles/mylearning.dir/home/agtrout/pico/pico-sdk/src/rp2_common/pico_runtime/runtime.c.obj
 *fill*         0x0000000010004c4e        0x2 
 .rodata.__func__.4809
                0x0000000010004c50       0x10 CMakeFiles/mylearning.dir/home/agtrout/pico/pico-sdk/src/rp2_common/hardware_clocks/clocks.c.obj
 .rodata.clock_configure.str1.4
                0x0000000010004c60       0x58 CMakeFiles/mylearning.dir/home/agtrout/pico/pico-sdk/src/rp2_common/hardware_clocks/clocks.c.obj
 .rodata.__func__.4466
                0x0000000010004cb8        0x9 CMakeFiles/mylearning.dir/home/agtrout/pico/pico-sdk/src/rp2_common/hardware_pll/pll.c.obj
 *fill*         0x0000000010004cc1        0x3 
 .rodata.pll_init.str1.4
                0x0000000010004cc4      0x13b CMakeFiles/mylearning.dir/home/agtrout/pico/pico-sdk/src/rp2_common/hardware_pll/pll.c.obj
 *fill*         0x0000000010004dff        0x1 
 .rodata._vsnprintf
                0x0000000010004e00      0x1e0 CMakeFiles/mylearning.dir/home/agtrout/pico/pico-sdk/src/rp2_common/pico_printf/printf.c.obj
 .rodata._ftoa.str1.4
                0x0000000010004fe0       0x15 CMakeFiles/mylearning.dir/home/agtrout/pico/pico-sdk/src/rp2_common/pico_printf/printf.c.obj
 *fill*         0x0000000010004ff5        0x3 
 .rodata.pow10.5481
                0x0000000010004ff8       0x50 CMakeFiles/mylearning.dir/home/agtrout/pico/pico-sdk/src/rp2_common/pico_printf/printf.c.obj
 .rodata.__aeabi_double_init.str1.4
                0x0000000010005048       0xa9 CMakeFiles/mylearning.dir/home/agtrout/pico/pico-sdk/src/rp2_common/pico_double/double_init_rom.c.obj
 *fill*         0x00000000100050f1        0x3 
 .rodata.__func__.4778
                0x00000000100050f4       0x14 CMakeFiles/mylearning.dir/home/agtrout/pico/pico-sdk/src/rp2_common/pico_double/double_init_rom.c.obj
 .rodata.__aeabi_float_init.str1.4
                0x0000000010005108       0x7b CMakeFiles/mylearning.dir/home/agtrout/pico/pico-sdk/src/rp2_common/pico_float/float_init_rom.c.obj
                                         0x7f (size before relaxing)
 *fill*         0x0000000010005183        0x1 
 .rodata.__func__.4779
                0x0000000010005184       0x13 CMakeFiles/mylearning.dir/home/agtrout/pico/pico-sdk/src/rp2_common/pico_float/float_init_rom.c.obj
 *fill*         0x0000000010005197        0x1 
 .rodata.__bi_44
                0x0000000010005198        0xc CMakeFiles/mylearning.dir/home/agtrout/pico/pico-sdk/src/rp2_common/pico_standard_link/binary_info.c.obj
 .rodata.__bi_75
                0x00000000100051a4        0xc CMakeFiles/mylearning.dir/home/agtrout/pico/pico-sdk/src/rp2_common/pico_standard_link/binary_info.c.obj
 .rodata.__bi_81
                0x00000000100051b0        0xc CMakeFiles/mylearning.dir/home/agtrout/pico/pico-sdk/src/rp2_common/pico_standard_link/binary_info.c.obj
 .rodata.str1.4
                0x00000000100051bc       0x40 CMakeFiles/mylearning.dir/home/agtrout/pico/pico-sdk/src/rp2_common/pico_standard_link/binary_info.c.obj
 .rodata.crlf_str.6110
                0x00000000100051fc        0x2 CMakeFiles/mylearning.dir/home/agtrout/pico/pico-sdk/src/rp2_common/pico_stdio/stdio.c.obj
 *fill*         0x00000000100051fe        0x2 
 .rodata.__bi_28.4913
                0x0000000010005200        0xc CMakeFiles/mylearning.dir/home/agtrout/pico/pico-sdk/src/rp2_common/pico_stdio_uart/stdio_uart.c.obj
 .rodata.__bi_29.4917
                0x000000001000520c        0x8 CMakeFiles/mylearning.dir/home/agtrout/pico/pico-sdk/src/rp2_common/pico_stdio_uart/stdio_uart.c.obj
 .rodata.str1.4
                0x0000000010005214       0x2c CMakeFiles/mylearning.dir/home/agtrout/pico/pico-sdk/src/rp2_common/pico_stdio_uart/stdio_uart.c.obj
                0x0000000010005240                . = ALIGN (0x4)
 *(SORT_BY_ALIGNMENT(SORT_BY_NAME(.flashdata*)))
                0x0000000010005240                . = ALIGN (0x4)

.rel.dyn        0x0000000010005240        0x0
 .rel.iplt      0x0000000010005240        0x0 /usr/lib/gcc/arm-none-eabi/8.3.1/thumb/v6-m/nofp/crtbegin.o

.ARM.extab
 *(.ARM.extab* .gnu.linkonce.armextab.*)
                0x0000000010005240                __exidx_start = .

.ARM.exidx
 *(.ARM.exidx* .gnu.linkonce.armexidx.*)
                0x0000000010005240                __exidx_end = .
                0x0000000010005240                . = ALIGN (0x4)
                0x0000000010005240                __binary_info_start = .

.binary_info    0x0000000010005240       0x24
 *(.binary_info.keep.*)
 .binary_info.keep.__bi_ptr22
                0x0000000010005240        0x4 CMakeFiles/mylearning.dir/home/agtrout/pico/pico-sdk/src/rp2_common/pico_standard_link/binary_info.c.obj
 .binary_info.keep.__bi_ptr30
                0x0000000010005244        0x4 CMakeFiles/mylearning.dir/home/agtrout/pico/pico-sdk/src/rp2_common/pico_standard_link/binary_info.c.obj
 .binary_info.keep.__bi_ptr38
                0x0000000010005248        0x4 CMakeFiles/mylearning.dir/home/agtrout/pico/pico-sdk/src/rp2_common/pico_standard_link/binary_info.c.obj
 .binary_info.keep.__bi_ptr44
                0x000000001000524c        0x4 CMakeFiles/mylearning.dir/home/agtrout/pico/pico-sdk/src/rp2_common/pico_standard_link/binary_info.c.obj
 .binary_info.keep.__bi_ptr50
                0x0000000010005250        0x4 CMakeFiles/mylearning.dir/home/agtrout/pico/pico-sdk/src/rp2_common/pico_standard_link/binary_info.c.obj
 .binary_info.keep.__bi_ptr75
                0x0000000010005254        0x4 CMakeFiles/mylearning.dir/home/agtrout/pico/pico-sdk/src/rp2_common/pico_standard_link/binary_info.c.obj
 .binary_info.keep.__bi_ptr81
                0x0000000010005258        0x4 CMakeFiles/mylearning.dir/home/agtrout/pico/pico-sdk/src/rp2_common/pico_standard_link/binary_info.c.obj
 *(.binary_info.*)
 .binary_info.__bi_ptr28
                0x000000001000525c        0x4 CMakeFiles/mylearning.dir/home/agtrout/pico/pico-sdk/src/rp2_common/pico_stdio_uart/stdio_uart.c.obj
 .binary_info.__bi_ptr29
                0x0000000010005260        0x4 CMakeFiles/mylearning.dir/home/agtrout/pico/pico-sdk/src/rp2_common/pico_stdio_uart/stdio_uart.c.obj
                0x0000000010005264                __binary_info_end = .
                0x0000000010005264                . = ALIGN (0x4)
                0x0000000010005264                __etext = .

.ram_vector_table
                0x0000000020000000       0xc0
 *(.ram_vector_table)
 .ram_vector_table
                0x0000000020000000       0xc0 CMakeFiles/mylearning.dir/home/agtrout/pico/pico-sdk/src/rp2_common/pico_runtime/runtime.c.obj
                0x0000000020000000                ram_vector_table

.data           0x00000000200000c0      0x1c0 load address 0x0000000010005264
                0x00000000200000c0                __data_start__ = .
 *(vtable)
 *(.time_critical*)
 .time_critical.mutex_enter_blocking
                0x00000000200000c0       0x48 CMakeFiles/mylearning.dir/home/agtrout/pico/pico-sdk/src/common/pico_sync/mutex.c.obj
                0x00000000200000c0                mutex_enter_blocking
 .time_critical.mutex_try_enter
                0x0000000020000108       0x48 CMakeFiles/mylearning.dir/home/agtrout/pico/pico-sdk/src/common/pico_sync/mutex.c.obj
                0x0000000020000108                mutex_try_enter
 .time_critical.mutex_exit
                0x0000000020000150       0x4c CMakeFiles/mylearning.dir/home/agtrout/pico/pico-sdk/src/common/pico_sync/mutex.c.obj
                0x0000000020000150                mutex_exit
 *(.text*)
 .text          0x000000002000019c        0x4 /usr/lib/gcc/arm-none-eabi/8.3.1/thumb/v6-m/nofp/libgcc.a(_dvmd_tls.o)
                0x000000002000019c                __aeabi_ldiv0
                0x000000002000019c                __aeabi_idiv0
 .text.__stub   0x00000000200001a0       0x10 linker stubs
                0x00000000200001b0                . = ALIGN (0x4)
 *(.rodata*)
                0x00000000200001b0                . = ALIGN (0x4)
 *(.data*)
 .data.striped_spin_lock_num
                0x00000000200001b0        0x1 CMakeFiles/mylearning.dir/home/agtrout/pico/pico-sdk/src/rp2_common/hardware_sync/sync.c.obj
 *fill*         0x00000000200001b1        0x3 
 .data          0x00000000200001b4       0x48 CMakeFiles/mylearning.dir/home/agtrout/pico/pico-sdk/src/rp2_common/hardware_irq/irq_handler_chain.S.obj
                0x00000000200001b4                irq_handler_chain_slots
                0x00000000200001e4                irq_handler_chain_first_slot
                0x00000000200001ee                irq_handler_chain_remove_tail
 .data.default_alarm_pool
                0x00000000200001fc       0x18 CMakeFiles/mylearning.dir/home/agtrout/pico/pico-sdk/src/common/pico_time/time.c.obj
 .data.default_alarm_pool_heap
                0x0000000020000214       0x10 CMakeFiles/mylearning.dir/home/agtrout/pico/pico-sdk/src/common/pico_time/time.c.obj
 *fill*         0x0000000020000224        0xc 
 .data.aeabi_bits_funcs
                0x0000000020000230       0x10 CMakeFiles/mylearning.dir/home/agtrout/pico/pico-sdk/src/rp2_common/pico_bit_ops/bit_ops_aeabi.S.obj
                0x0000000020000230                aeabi_bits_funcs
                0x0000000020000240                aeabi_bits_funcs_end
 .data.aeabi_mem_funcs
                0x0000000020000240       0x10 CMakeFiles/mylearning.dir/home/agtrout/pico/pico-sdk/src/rp2_common/pico_mem_ops/mem_ops_aeabi.S.obj
                0x0000000020000240                aeabi_mem_funcs
                0x0000000020000250                aeabi_mem_funcs_end
 .data.stdio_uart
                0x0000000020000250       0x14 CMakeFiles/mylearning.dir/home/agtrout/pico/pico-sdk/src/rp2_common/pico_stdio_uart/stdio_uart.c.obj
                0x0000000020000250                stdio_uart
                0x0000000020000264                . = ALIGN (0x4)
 *(.after_data.*)
                0x0000000020000264                . = ALIGN (0x4)
                0x0000000020000264                PROVIDE (__mutex_array_start = .)
 *(SORT_BY_NAME(.mutex_array.*))
 *(.mutex_array)
 .mutex_array   0x0000000020000264        0x8 CMakeFiles/mylearning.dir/home/agtrout/pico/pico-sdk/src/rp2_common/pico_stdio/stdio.c.obj
                0x000000002000026c                PROVIDE (__mutex_array_end = .)
                0x000000002000026c                . = ALIGN (0x4)
                0x000000002000026c                PROVIDE (__preinit_array_start = .)
 *(SORT_BY_NAME(.preinit_array.*))
 .preinit_array.00001
                0x000000002000026c        0x4 CMakeFiles/mylearning.dir/home/agtrout/pico/pico-sdk/src/rp2_common/pico_mem_ops/mem_ops_aeabi.S.obj
 .preinit_array.00010
                0x0000000020000270        0x4 CMakeFiles/mylearning.dir/home/agtrout/pico/pico-sdk/src/rp2_common/pico_bit_ops/bit_ops_aeabi.S.obj
 .preinit_array.00020
                0x0000000020000274        0x4 CMakeFiles/mylearning.dir/home/agtrout/pico/pico-sdk/src/rp2_common/pico_double/double_aeabi.S.obj
 .preinit_array.00020
                0x0000000020000278        0x4 CMakeFiles/mylearning.dir/home/agtrout/pico/pico-sdk/src/rp2_common/pico_float/float_aeabi.S.obj
 *(.preinit_array)
                0x000000002000027c                PROVIDE (__preinit_array_end = .)
                0x000000002000027c                . = ALIGN (0x4)
                0x000000002000027c                PROVIDE (__init_array_start = .)
 *(SORT_BY_NAME(.init_array.*))
 *(.init_array)
 .init_array    0x000000002000027c        0x4 /usr/lib/gcc/arm-none-eabi/8.3.1/thumb/v6-m/nofp/crtbegin.o
                0x0000000020000280                PROVIDE (__init_array_end = .)
                0x0000000020000280                . = ALIGN (0x4)
                0x0000000020000280                PROVIDE (__fini_array_start = .)
 *(SORT_BY_NAME(.fini_array.*))
 *(.fini_array)
                0x0000000020000280                PROVIDE (__fini_array_end = .)
 *(.jcr)
                0x0000000020000280                . = ALIGN (0x4)
                0x0000000020000280                __data_end__ = .

.tm_clone_table
                0x0000000020000280        0x0 load address 0x0000000010005424
 .tm_clone_table
                0x0000000020000280        0x0 /usr/lib/gcc/arm-none-eabi/8.3.1/thumb/v6-m/nofp/crtbegin.o
 .tm_clone_table
                0x0000000020000280        0x0 /usr/lib/gcc/arm-none-eabi/8.3.1/thumb/v6-m/nofp/crtend.o

.igot.plt       0x0000000020000280        0x0 load address 0x0000000010005424
 .igot.plt      0x0000000020000280        0x0 /usr/lib/gcc/arm-none-eabi/8.3.1/thumb/v6-m/nofp/crtbegin.o

.uninitialized_data
                0x0000000020000280        0x0 load address 0x0000000010005424
                0x0000000020000280                . = ALIGN (0x4)
 *(.uninitialized_data*)

.scratch_x      0x0000000020040000        0x0 load address 0x0000000010005424
                0x0000000020040000                __scratch_x_start__ = .
 *(.scratch_x.*)
                0x0000000020040000                . = ALIGN (0x4)
                0x0000000020040000                __scratch_x_end__ = .
                0x0000000010005424                __scratch_x_source__ = LOADADDR (.scratch_x)

.scratch_y      0x0000000020041000        0x0 load address 0x0000000010005424
                0x0000000020041000                __scratch_y_start__ = .
 *(.scratch_y.*)
                0x0000000020041000                . = ALIGN (0x4)
                0x0000000020041000                __scratch_y_end__ = .
                0x0000000010005424                __scratch_y_source__ = LOADADDR (.scratch_y)

.bss            0x0000000020000280      0x3d0
                0x0000000020000280                . = ALIGN (0x4)
                0x0000000020000280                __bss_start__ = .
 *(SORT_BY_ALIGNMENT(SORT_BY_NAME(.bss*)))
 .bss.default_alarm_pool_entries
                0x0000000020000280      0x100 CMakeFiles/mylearning.dir/home/agtrout/pico/pico-sdk/src/common/pico_time/time.c.obj
 .bss           0x0000000020000380       0x1c /usr/lib/gcc/arm-none-eabi/8.3.1/thumb/v6-m/nofp/crtbegin.o
 .bss.alarm_callbacks
                0x000000002000039c       0x10 CMakeFiles/mylearning.dir/home/agtrout/pico/pico-sdk/src/rp2_common/hardware_timer/timer.c.obj
 .bss.configured_freq
                0x00000000200003ac       0x28 CMakeFiles/mylearning.dir/home/agtrout/pico/pico-sdk/src/rp2_common/hardware_clocks/clocks.c.obj
 .bss.default_alarm_pool_entry_ids_high
                0x00000000200003d4       0x10 CMakeFiles/mylearning.dir/home/agtrout/pico/pico-sdk/src/common/pico_time/time.c.obj
 .bss.default_alarm_pool_heap_nodes
                0x00000000200003e4       0x30 CMakeFiles/mylearning.dir/home/agtrout/pico/pico-sdk/src/common/pico_time/time.c.obj
 .bss.drivers   0x0000000020000414        0x4 CMakeFiles/mylearning.dir/home/agtrout/pico/pico-sdk/src/rp2_common/pico_stdio/stdio.c.obj
 .bss.filter    0x0000000020000418        0x4 CMakeFiles/mylearning.dir/home/agtrout/pico/pico-sdk/src/rp2_common/pico_stdio/stdio.c.obj
 .bss.pools     0x000000002000041c       0x10 CMakeFiles/mylearning.dir/home/agtrout/pico/pico-sdk/src/common/pico_time/time.c.obj
 .bss.sf_clz_func
                0x000000002000042c        0x4 CMakeFiles/mylearning.dir/home/agtrout/pico/pico-sdk/src/rp2_common/pico_double/double_init_rom.c.obj
                0x000000002000042c                sf_clz_func
 .bss.sleep_notifier
                0x0000000020000430        0x4 CMakeFiles/mylearning.dir/home/agtrout/pico/pico-sdk/src/common/pico_time/time.c.obj
 .bss.target_hi
                0x0000000020000434       0x10 CMakeFiles/mylearning.dir/home/agtrout/pico/pico-sdk/src/rp2_common/hardware_timer/timer.c.obj
 .bss.uart_instance
                0x0000000020000444        0x4 CMakeFiles/mylearning.dir/home/agtrout/pico/pico-sdk/src/rp2_common/pico_stdio_uart/stdio_uart.c.obj
 .bss.claimed   0x0000000020000448        0x1 CMakeFiles/mylearning.dir/home/agtrout/pico/pico-sdk/src/rp2_common/hardware_timer/timer.c.obj
 .bss.irq_hander_chain_free_slot_head
                0x0000000020000449        0x1 CMakeFiles/mylearning.dir/home/agtrout/pico/pico-sdk/src/rp2_common/hardware_irq/irq.c.obj
 .bss.timer_callbacks_pending
                0x000000002000044a        0x1 CMakeFiles/mylearning.dir/home/agtrout/pico/pico-sdk/src/rp2_common/hardware_timer/timer.c.obj
 *(COMMON)
 *fill*         0x000000002000044b        0x1 
 COMMON         0x000000002000044c        0x4 CMakeFiles/mylearning.dir/home/agtrout/pico/pico-sdk/src/rp2_common/hardware_uart/uart.c.obj
                0x000000002000044c                uart_char_to_line_feed
 COMMON         0x0000000020000450      0x100 CMakeFiles/mylearning.dir/home/agtrout/pico/pico-sdk/src/rp2_common/pico_double/double_init_rom.c.obj
                0x0000000020000450                sd_table
 COMMON         0x0000000020000550      0x100 CMakeFiles/mylearning.dir/home/agtrout/pico/pico-sdk/src/rp2_common/pico_float/float_init_rom.c.obj
                0x0000000020000550                sf_table
                0x0000000020000650                . = ALIGN (0x4)
                0x0000000020000650                __bss_end__ = .

.heap           0x0000000020000650      0x800
                0x0000000020000650                __end__ = .
                0x0000000020000650                end = __end__
 *(.heap*)
 .heap          0x0000000020000650      0x800 CMakeFiles/mylearning.dir/home/agtrout/pico/pico-sdk/src/rp2_common/pico_standard_link/crt0.S.obj
                0x0000000020000e50                __HeapLimit = .

.stack1_dummy   0x0000000020040000        0x0
 *(.stack1*)

.stack_dummy    0x0000000020041000      0x800
 *(.stack*)
 .stack         0x0000000020041000      0x800 CMakeFiles/mylearning.dir/home/agtrout/pico/pico-sdk/src/rp2_common/pico_standard_link/crt0.S.obj

.flash_end      0x0000000010005424        0x0
                0x0000000010005424                __flash_binary_end = .
                0x0000000020040000                __StackLimit = (ORIGIN (RAM) + LENGTH (RAM))
                0x0000000020041000                __StackOneTop = (ORIGIN (SCRATCH_X) + LENGTH (SCRATCH_X))
                0x0000000020042000                __StackTop = (ORIGIN (SCRATCH_Y) + LENGTH (SCRATCH_Y))
                0x0000000020041000                __StackOneBottom = (__StackOneTop - SIZEOF (.stack1_dummy))
                0x0000000020041800                __StackBottom = (__StackTop - SIZEOF (.stack_dummy))
                0x0000000020042000                PROVIDE (__stack = __StackTop)
                0x0000000000000001                ASSERT ((__StackLimit >= __HeapLimit), region RAM overflowed)
                0x0000000000000001                ASSERT (((__binary_info_header_end - __logical_binary_start) <= 0x100), Binary info must be in first 256 bytes of the binary)
LOAD CMakeFiles/mylearning.dir/mylearning.c.obj
LOAD CMakeFiles/mylearning.dir/home/agtrout/pico/pico-sdk/src/rp2_common/pico_stdlib/stdlib.c.obj
LOAD CMakeFiles/mylearning.dir/home/agtrout/pico/pico-sdk/src/rp2_common/hardware_gpio/gpio.c.obj
LOAD CMakeFiles/mylearning.dir/home/agtrout/pico/pico-sdk/src/rp2_common/hardware_claim/claim.c.obj
LOAD CMakeFiles/mylearning.dir/home/agtrout/pico/pico-sdk/src/rp2_common/pico_platform/platform.c.obj
LOAD CMakeFiles/mylearning.dir/home/agtrout/pico/pico-sdk/src/rp2_common/hardware_sync/sync.c.obj
LOAD CMakeFiles/mylearning.dir/home/agtrout/pico/pico-sdk/src/rp2_common/hardware_irq/irq.c.obj
LOAD CMakeFiles/mylearning.dir/home/agtrout/pico/pico-sdk/src/rp2_common/hardware_irq/irq_handler_chain.S.obj
LOAD CMakeFiles/mylearning.dir/home/agtrout/pico/pico-sdk/src/common/pico_sync/sem.c.obj
LOAD CMakeFiles/mylearning.dir/home/agtrout/pico/pico-sdk/src/common/pico_sync/lock_core.c.obj
LOAD CMakeFiles/mylearning.dir/home/agtrout/pico/pico-sdk/src/common/pico_time/time.c.obj
LOAD CMakeFiles/mylearning.dir/home/agtrout/pico/pico-sdk/src/common/pico_time/timeout_helper.c.obj
LOAD CMakeFiles/mylearning.dir/home/agtrout/pico/pico-sdk/src/rp2_common/hardware_timer/timer.c.obj
LOAD CMakeFiles/mylearning.dir/home/agtrout/pico/pico-sdk/src/common/pico_util/datetime.c.obj
LOAD CMakeFiles/mylearning.dir/home/agtrout/pico/pico-sdk/src/common/pico_util/pheap.c.obj
LOAD CMakeFiles/mylearning.dir/home/agtrout/pico/pico-sdk/src/common/pico_util/queue.c.obj
LOAD CMakeFiles/mylearning.dir/home/agtrout/pico/pico-sdk/src/common/pico_sync/mutex.c.obj
LOAD CMakeFiles/mylearning.dir/home/agtrout/pico/pico-sdk/src/common/pico_sync/critical_section.c.obj
LOAD CMakeFiles/mylearning.dir/home/agtrout/pico/pico-sdk/src/rp2_common/hardware_uart/uart.c.obj
LOAD CMakeFiles/mylearning.dir/home/agtrout/pico/pico-sdk/src/rp2_common/hardware_divider/divider.S.obj
LOAD CMakeFiles/mylearning.dir/home/agtrout/pico/pico-sdk/src/rp2_common/pico_runtime/runtime.c.obj
LOAD CMakeFiles/mylearning.dir/home/agtrout/pico/pico-sdk/src/rp2_common/hardware_clocks/clocks.c.obj
LOAD CMakeFiles/mylearning.dir/home/agtrout/pico/pico-sdk/src/rp2_common/hardware_pll/pll.c.obj
LOAD CMakeFiles/mylearning.dir/home/agtrout/pico/pico-sdk/src/rp2_common/hardware_vreg/vreg.c.obj
LOAD CMakeFiles/mylearning.dir/home/agtrout/pico/pico-sdk/src/rp2_common/hardware_watchdog/watchdog.c.obj
LOAD CMakeFiles/mylearning.dir/home/agtrout/pico/pico-sdk/src/rp2_common/hardware_xosc/xosc.c.obj
LOAD CMakeFiles/mylearning.dir/home/agtrout/pico/pico-sdk/src/rp2_common/pico_printf/printf.c.obj
LOAD CMakeFiles/mylearning.dir/home/agtrout/pico/pico-sdk/src/rp2_common/pico_bit_ops/bit_ops_aeabi.S.obj
LOAD CMakeFiles/mylearning.dir/home/agtrout/pico/pico-sdk/src/rp2_common/pico_bootrom/bootrom.c.obj
LOAD CMakeFiles/mylearning.dir/home/agtrout/pico/pico-sdk/src/rp2_common/pico_divider/divider.S.obj
LOAD CMakeFiles/mylearning.dir/home/agtrout/pico/pico-sdk/src/rp2_common/pico_double/double_aeabi.S.obj
LOAD CMakeFiles/mylearning.dir/home/agtrout/pico/pico-sdk/src/rp2_common/pico_double/double_init_rom.c.obj
LOAD CMakeFiles/mylearning.dir/home/agtrout/pico/pico-sdk/src/rp2_common/pico_double/double_math.c.obj
LOAD CMakeFiles/mylearning.dir/home/agtrout/pico/pico-sdk/src/rp2_common/pico_double/double_v1_rom_shim.S.obj
LOAD CMakeFiles/mylearning.dir/home/agtrout/pico/pico-sdk/src/rp2_common/pico_int64_ops/pico_int64_ops_aeabi.S.obj
LOAD CMakeFiles/mylearning.dir/home/agtrout/pico/pico-sdk/src/rp2_common/pico_float/float_aeabi.S.obj
LOAD CMakeFiles/mylearning.dir/home/agtrout/pico/pico-sdk/src/rp2_common/pico_float/float_init_rom.c.obj
LOAD CMakeFiles/mylearning.dir/home/agtrout/pico/pico-sdk/src/rp2_common/pico_float/float_math.c.obj
LOAD CMakeFiles/mylearning.dir/home/agtrout/pico/pico-sdk/src/rp2_common/pico_float/float_v1_rom_shim.S.obj
LOAD CMakeFiles/mylearning.dir/home/agtrout/pico/pico-sdk/src/rp2_common/pico_malloc/pico_malloc.c.obj
LOAD CMakeFiles/mylearning.dir/home/agtrout/pico/pico-sdk/src/rp2_common/pico_mem_ops/mem_ops_aeabi.S.obj
LOAD CMakeFiles/mylearning.dir/home/agtrout/pico/pico-sdk/src/rp2_common/pico_standard_link/crt0.S.obj
LOAD CMakeFiles/mylearning.dir/home/agtrout/pico/pico-sdk/src/rp2_common/pico_standard_link/new_delete.cpp.obj
LOAD CMakeFiles/mylearning.dir/home/agtrout/pico/pico-sdk/src/rp2_common/pico_standard_link/binary_info.c.obj
LOAD CMakeFiles/mylearning.dir/home/agtrout/pico/pico-sdk/src/rp2_common/pico_stdio/stdio.c.obj
LOAD CMakeFiles/mylearning.dir/home/agtrout/pico/pico-sdk/src/rp2_common/pico_stdio_uart/stdio_uart.c.obj
LOAD /tmp/cc8yixFT.o
LOAD /usr/lib/gcc/arm-none-eabi/8.3.1/../../../arm-none-eabi/lib/thumb/v6-m/nofp/libstdc++.a
LOAD /usr/lib/gcc/arm-none-eabi/8.3.1/../../../arm-none-eabi/lib/thumb/v6-m/nofp/libm.a
START GROUP
LOAD /usr/lib/gcc/arm-none-eabi/8.3.1/thumb/v6-m/nofp/libgcc.a
LOAD /usr/lib/gcc/arm-none-eabi/8.3.1/../../../arm-none-eabi/lib/thumb/v6-m/nofp/libg.a
LOAD /usr/lib/gcc/arm-none-eabi/8.3.1/../../../arm-none-eabi/lib/thumb/v6-m/nofp/libc.a
END GROUP
START GROUP
LOAD /usr/lib/gcc/arm-none-eabi/8.3.1/thumb/v6-m/nofp/libgcc.a
LOAD /usr/lib/gcc/arm-none-eabi/8.3.1/../../../arm-none-eabi/lib/thumb/v6-m/nofp/libc.a
LOAD /usr/lib/gcc/arm-none-eabi/8.3.1/../../../arm-none-eabi/lib/thumb/v6-m/nofp/libnosys.a
END GROUP
LOAD /usr/lib/gcc/arm-none-eabi/8.3.1/thumb/v6-m/nofp/crtend.o
LOAD /usr/lib/gcc/arm-none-eabi/8.3.1/thumb/v6-m/nofp/crtn.o
OUTPUT(mylearning.elf elf32-littlearm)
LOAD linker stubs

.ARM.attributes
                0x0000000000000000       0x28
 .ARM.attributes
                0x0000000000000000       0x1e /usr/lib/gcc/arm-none-eabi/8.3.1/thumb/v6-m/nofp/crti.o
 .ARM.attributes
                0x000000000000001e       0x2c /usr/lib/gcc/arm-none-eabi/8.3.1/thumb/v6-m/nofp/crtbegin.o
 .ARM.attributes
                0x000000000000004a       0x2c CMakeFiles/mylearning.dir/mylearning.c.obj
 .ARM.attributes
                0x0000000000000076       0x2c CMakeFiles/mylearning.dir/home/agtrout/pico/pico-sdk/src/rp2_common/hardware_gpio/gpio.c.obj
 .ARM.attributes
                0x00000000000000a2       0x2c CMakeFiles/mylearning.dir/home/agtrout/pico/pico-sdk/src/rp2_common/hardware_claim/claim.c.obj
 .ARM.attributes
                0x00000000000000ce       0x2c CMakeFiles/mylearning.dir/home/agtrout/pico/pico-sdk/src/rp2_common/pico_platform/platform.c.obj
 .ARM.attributes
                0x00000000000000fa       0x2c CMakeFiles/mylearning.dir/home/agtrout/pico/pico-sdk/src/rp2_common/hardware_sync/sync.c.obj
 .ARM.attributes
                0x0000000000000126       0x2c CMakeFiles/mylearning.dir/home/agtrout/pico/pico-sdk/src/rp2_common/hardware_irq/irq.c.obj
 .ARM.attributes
                0x0000000000000152       0x22 CMakeFiles/mylearning.dir/home/agtrout/pico/pico-sdk/src/rp2_common/hardware_irq/irq_handler_chain.S.obj
 .ARM.attributes
                0x0000000000000174       0x2c CMakeFiles/mylearning.dir/home/agtrout/pico/pico-sdk/src/common/pico_sync/lock_core.c.obj
 .ARM.attributes
                0x00000000000001a0       0x2c CMakeFiles/mylearning.dir/home/agtrout/pico/pico-sdk/src/common/pico_time/time.c.obj
 .ARM.attributes
                0x00000000000001cc       0x2c CMakeFiles/mylearning.dir/home/agtrout/pico/pico-sdk/src/rp2_common/hardware_timer/timer.c.obj
 .ARM.attributes
                0x00000000000001f8       0x2c CMakeFiles/mylearning.dir/home/agtrout/pico/pico-sdk/src/common/pico_util/pheap.c.obj
 .ARM.attributes
                0x0000000000000224       0x2c CMakeFiles/mylearning.dir/home/agtrout/pico/pico-sdk/src/common/pico_sync/mutex.c.obj
 .ARM.attributes
                0x0000000000000250       0x2c CMakeFiles/mylearning.dir/home/agtrout/pico/pico-sdk/src/rp2_common/hardware_uart/uart.c.obj
 .ARM.attributes
                0x000000000000027c       0x2c CMakeFiles/mylearning.dir/home/agtrout/pico/pico-sdk/src/rp2_common/pico_runtime/runtime.c.obj
 .ARM.attributes
                0x00000000000002a8       0x2c CMakeFiles/mylearning.dir/home/agtrout/pico/pico-sdk/src/rp2_common/hardware_clocks/clocks.c.obj
 .ARM.attributes
                0x00000000000002d4       0x2c CMakeFiles/mylearning.dir/home/agtrout/pico/pico-sdk/src/rp2_common/hardware_pll/pll.c.obj
 .ARM.attributes
                0x0000000000000300       0x2c CMakeFiles/mylearning.dir/home/agtrout/pico/pico-sdk/src/rp2_common/hardware_watchdog/watchdog.c.obj
 .ARM.attributes
                0x000000000000032c       0x2c CMakeFiles/mylearning.dir/home/agtrout/pico/pico-sdk/src/rp2_common/hardware_xosc/xosc.c.obj
 .ARM.attributes
                0x0000000000000358       0x2c CMakeFiles/mylearning.dir/home/agtrout/pico/pico-sdk/src/rp2_common/pico_printf/printf.c.obj
 .ARM.attributes
                0x0000000000000384       0x22 CMakeFiles/mylearning.dir/home/agtrout/pico/pico-sdk/src/rp2_common/pico_bit_ops/bit_ops_aeabi.S.obj
 .ARM.attributes
                0x00000000000003a6       0x2c CMakeFiles/mylearning.dir/home/agtrout/pico/pico-sdk/src/rp2_common/pico_bootrom/bootrom.c.obj
 .ARM.attributes
                0x00000000000003d2       0x22 CMakeFiles/mylearning.dir/home/agtrout/pico/pico-sdk/src/rp2_common/pico_divider/divider.S.obj
 .ARM.attributes
                0x00000000000003f4       0x22 CMakeFiles/mylearning.dir/home/agtrout/pico/pico-sdk/src/rp2_common/pico_double/double_aeabi.S.obj
 .ARM.attributes
                0x0000000000000416       0x2c CMakeFiles/mylearning.dir/home/agtrout/pico/pico-sdk/src/rp2_common/pico_double/double_init_rom.c.obj
 .ARM.attributes
                0x0000000000000442       0x22 CMakeFiles/mylearning.dir/home/agtrout/pico/pico-sdk/src/rp2_common/pico_double/double_v1_rom_shim.S.obj
 .ARM.attributes
                0x0000000000000464       0x22 CMakeFiles/mylearning.dir/home/agtrout/pico/pico-sdk/src/rp2_common/pico_int64_ops/pico_int64_ops_aeabi.S.obj
 .ARM.attributes
                0x0000000000000486       0x22 CMakeFiles/mylearning.dir/home/agtrout/pico/pico-sdk/src/rp2_common/pico_float/float_aeabi.S.obj
 .ARM.attributes
                0x00000000000004a8       0x2c CMakeFiles/mylearning.dir/home/agtrout/pico/pico-sdk/src/rp2_common/pico_float/float_init_rom.c.obj
 .ARM.attributes
                0x00000000000004d4       0x22 CMakeFiles/mylearning.dir/home/agtrout/pico/pico-sdk/src/rp2_common/pico_float/float_v1_rom_shim.S.obj
 .ARM.attributes
                0x00000000000004f6       0x22 CMakeFiles/mylearning.dir/home/agtrout/pico/pico-sdk/src/rp2_common/pico_mem_ops/mem_ops_aeabi.S.obj
 .ARM.attributes
                0x0000000000000518       0x22 CMakeFiles/mylearning.dir/home/agtrout/pico/pico-sdk/src/rp2_common/pico_standard_link/crt0.S.obj
 .ARM.attributes
                0x000000000000053a       0x32 CMakeFiles/mylearning.dir/home/agtrout/pico/pico-sdk/src/rp2_common/pico_standard_link/binary_info.c.obj
 .ARM.attributes
                0x000000000000056c       0x2c CMakeFiles/mylearning.dir/home/agtrout/pico/pico-sdk/src/rp2_common/pico_stdio/stdio.c.obj
 .ARM.attributes
                0x0000000000000598       0x2c CMakeFiles/mylearning.dir/home/agtrout/pico/pico-sdk/src/rp2_common/pico_stdio_uart/stdio_uart.c.obj
 .ARM.attributes
                0x00000000000005c4       0x22 /tmp/cc8yixFT.o
 .ARM.attributes
                0x00000000000005e6       0x1e /usr/lib/gcc/arm-none-eabi/8.3.1/thumb/v6-m/nofp/libgcc.a(_dvmd_tls.o)
 .ARM.attributes
                0x0000000000000604       0x2c /usr/lib/gcc/arm-none-eabi/8.3.1/../../../arm-none-eabi/lib/thumb/v6-m/nofp/libg.a(lib_a-strlen-stub.o)
 .ARM.attributes
                0x0000000000000630       0x2c /usr/lib/gcc/arm-none-eabi/8.3.1/thumb/v6-m/nofp/crtend.o

.comment        0x0000000000000000       0x9f
 .comment       0x0000000000000000       0x51 /usr/lib/gcc/arm-none-eabi/8.3.1/thumb/v6-m/nofp/crtbegin.o
                                         0x52 (size before relaxing)
 .comment       0x0000000000000051       0x52 CMakeFiles/mylearning.dir/mylearning.c.obj
 .comment       0x0000000000000051       0x52 CMakeFiles/mylearning.dir/home/agtrout/pico/pico-sdk/src/rp2_common/hardware_gpio/gpio.c.obj
 .comment       0x0000000000000051       0x52 CMakeFiles/mylearning.dir/home/agtrout/pico/pico-sdk/src/rp2_common/hardware_claim/claim.c.obj
 .comment       0x0000000000000051       0x52 CMakeFiles/mylearning.dir/home/agtrout/pico/pico-sdk/src/rp2_common/pico_platform/platform.c.obj
 .comment       0x0000000000000051       0x52 CMakeFiles/mylearning.dir/home/agtrout/pico/pico-sdk/src/rp2_common/hardware_sync/sync.c.obj
 .comment       0x0000000000000051       0x52 CMakeFiles/mylearning.dir/home/agtrout/pico/pico-sdk/src/rp2_common/hardware_irq/irq.c.obj
 .comment       0x0000000000000051       0x52 CMakeFiles/mylearning.dir/home/agtrout/pico/pico-sdk/src/common/pico_sync/lock_core.c.obj
 .comment       0x0000000000000051       0x52 CMakeFiles/mylearning.dir/home/agtrout/pico/pico-sdk/src/common/pico_time/time.c.obj
 .comment       0x0000000000000051       0x52 CMakeFiles/mylearning.dir/home/agtrout/pico/pico-sdk/src/rp2_common/hardware_timer/timer.c.obj
 .comment       0x0000000000000051       0x52 CMakeFiles/mylearning.dir/home/agtrout/pico/pico-sdk/src/common/pico_util/pheap.c.obj
 .comment       0x0000000000000051       0x52 CMakeFiles/mylearning.dir/home/agtrout/pico/pico-sdk/src/common/pico_sync/mutex.c.obj
 .comment       0x0000000000000051       0x52 CMakeFiles/mylearning.dir/home/agtrout/pico/pico-sdk/src/rp2_common/hardware_uart/uart.c.obj
 .comment       0x0000000000000051       0x52 CMakeFiles/mylearning.dir/home/agtrout/pico/pico-sdk/src/rp2_common/pico_runtime/runtime.c.obj
 .comment       0x0000000000000051       0x52 CMakeFiles/mylearning.dir/home/agtrout/pico/pico-sdk/src/rp2_common/hardware_clocks/clocks.c.obj
 .comment       0x0000000000000051       0x52 CMakeFiles/mylearning.dir/home/agtrout/pico/pico-sdk/src/rp2_common/hardware_pll/pll.c.obj
 .comment       0x0000000000000051       0x52 CMakeFiles/mylearning.dir/home/agtrout/pico/pico-sdk/src/rp2_common/hardware_watchdog/watchdog.c.obj
 .comment       0x0000000000000051       0x52 CMakeFiles/mylearning.dir/home/agtrout/pico/pico-sdk/src/rp2_common/hardware_xosc/xosc.c.obj
 .comment       0x0000000000000051       0x52 CMakeFiles/mylearning.dir/home/agtrout/pico/pico-sdk/src/rp2_common/pico_printf/printf.c.obj
 .comment       0x0000000000000051       0x52 CMakeFiles/mylearning.dir/home/agtrout/pico/pico-sdk/src/rp2_common/pico_bootrom/bootrom.c.obj
 .comment       0x0000000000000051       0x52 CMakeFiles/mylearning.dir/home/agtrout/pico/pico-sdk/src/rp2_common/pico_double/double_init_rom.c.obj
 .comment       0x0000000000000051       0x52 CMakeFiles/mylearning.dir/home/agtrout/pico/pico-sdk/src/rp2_common/pico_float/float_init_rom.c.obj
 .comment       0x0000000000000051       0x52 CMakeFiles/mylearning.dir/home/agtrout/pico/pico-sdk/src/rp2_common/pico_standard_link/binary_info.c.obj
 .comment       0x0000000000000051       0x52 CMakeFiles/mylearning.dir/home/agtrout/pico/pico-sdk/src/rp2_common/pico_stdio/stdio.c.obj
 .comment       0x0000000000000051       0x52 CMakeFiles/mylearning.dir/home/agtrout/pico/pico-sdk/src/rp2_common/pico_stdio_uart/stdio_uart.c.obj
 .comment       0x0000000000000051       0x4e /usr/lib/gcc/arm-none-eabi/8.3.1/../../../arm-none-eabi/lib/thumb/v6-m/nofp/libg.a(lib_a-strlen-stub.o)
                                         0x4f (size before relaxing)
 .comment       0x000000000000009f       0x52 /usr/lib/gcc/arm-none-eabi/8.3.1/thumb/v6-m/nofp/crtend.o

.debug_info     0x0000000000000000    0x19218
 .debug_info    0x0000000000000000      0xf37 CMakeFiles/mylearning.dir/mylearning.c.obj
 .debug_info    0x0000000000000f37     0x16a5 CMakeFiles/mylearning.dir/home/agtrout/pico/pico-sdk/src/rp2_common/hardware_gpio/gpio.c.obj
 .debug_info    0x00000000000025dc      0x6a7 CMakeFiles/mylearning.dir/home/agtrout/pico/pico-sdk/src/rp2_common/hardware_claim/claim.c.obj
 .debug_info    0x0000000000002c83      0x1cb CMakeFiles/mylearning.dir/home/agtrout/pico/pico-sdk/src/rp2_common/pico_platform/platform.c.obj
 .debug_info    0x0000000000002e4e      0x591 CMakeFiles/mylearning.dir/home/agtrout/pico/pico-sdk/src/rp2_common/hardware_sync/sync.c.obj
 .debug_info    0x00000000000033df     0x1c91 CMakeFiles/mylearning.dir/home/agtrout/pico/pico-sdk/src/rp2_common/hardware_irq/irq.c.obj
 .debug_info    0x0000000000005070       0x26 CMakeFiles/mylearning.dir/home/agtrout/pico/pico-sdk/src/rp2_common/hardware_irq/irq_handler_chain.S.obj
 .debug_info    0x0000000000005096      0x1ed CMakeFiles/mylearning.dir/home/agtrout/pico/pico-sdk/src/common/pico_sync/lock_core.c.obj
 .debug_info    0x0000000000005283     0x43ec CMakeFiles/mylearning.dir/home/agtrout/pico/pico-sdk/src/common/pico_time/time.c.obj
 .debug_info    0x000000000000966f     0x10dc CMakeFiles/mylearning.dir/home/agtrout/pico/pico-sdk/src/rp2_common/hardware_timer/timer.c.obj
 .debug_info    0x000000000000a74b     0x1aab CMakeFiles/mylearning.dir/home/agtrout/pico/pico-sdk/src/common/pico_util/pheap.c.obj
 .debug_info    0x000000000000c1f6     0x2045 CMakeFiles/mylearning.dir/home/agtrout/pico/pico-sdk/src/common/pico_sync/mutex.c.obj
 .debug_info    0x000000000000e23b      0xb37 CMakeFiles/mylearning.dir/home/agtrout/pico/pico-sdk/src/rp2_common/hardware_uart/uart.c.obj
 .debug_info    0x000000000000ed72     0x1341 CMakeFiles/mylearning.dir/home/agtrout/pico/pico-sdk/src/rp2_common/pico_runtime/runtime.c.obj
 .debug_info    0x00000000000100b3      0xedd CMakeFiles/mylearning.dir/home/agtrout/pico/pico-sdk/src/rp2_common/hardware_clocks/clocks.c.obj
 .debug_info    0x0000000000010f90      0x517 CMakeFiles/mylearning.dir/home/agtrout/pico/pico-sdk/src/rp2_common/hardware_pll/pll.c.obj
 .debug_info    0x00000000000114a7      0xd7d CMakeFiles/mylearning.dir/home/agtrout/pico/pico-sdk/src/rp2_common/hardware_watchdog/watchdog.c.obj
 .debug_info    0x0000000000012224      0x1b8 CMakeFiles/mylearning.dir/home/agtrout/pico/pico-sdk/src/rp2_common/hardware_xosc/xosc.c.obj
 .debug_info    0x00000000000123dc     0x2032 CMakeFiles/mylearning.dir/home/agtrout/pico/pico-sdk/src/rp2_common/pico_printf/printf.c.obj
 .debug_info    0x000000000001440e       0x22 CMakeFiles/mylearning.dir/home/agtrout/pico/pico-sdk/src/rp2_common/pico_bit_ops/bit_ops_aeabi.S.obj
 .debug_info    0x0000000000014430      0x262 CMakeFiles/mylearning.dir/home/agtrout/pico/pico-sdk/src/rp2_common/pico_bootrom/bootrom.c.obj
 .debug_info    0x0000000000014692       0x22 CMakeFiles/mylearning.dir/home/agtrout/pico/pico-sdk/src/rp2_common/pico_divider/divider.S.obj
 .debug_info    0x00000000000146b4       0x22 CMakeFiles/mylearning.dir/home/agtrout/pico/pico-sdk/src/rp2_common/pico_double/double_aeabi.S.obj
 .debug_info    0x00000000000146d6      0xb2a CMakeFiles/mylearning.dir/home/agtrout/pico/pico-sdk/src/rp2_common/pico_double/double_init_rom.c.obj
 .debug_info    0x0000000000015200       0x22 CMakeFiles/mylearning.dir/home/agtrout/pico/pico-sdk/src/rp2_common/pico_double/double_v1_rom_shim.S.obj
 .debug_info    0x0000000000015222       0x26 CMakeFiles/mylearning.dir/home/agtrout/pico/pico-sdk/src/rp2_common/pico_int64_ops/pico_int64_ops_aeabi.S.obj
 .debug_info    0x0000000000015248       0x22 CMakeFiles/mylearning.dir/home/agtrout/pico/pico-sdk/src/rp2_common/pico_float/float_aeabi.S.obj
 .debug_info    0x000000000001526a      0xb44 CMakeFiles/mylearning.dir/home/agtrout/pico/pico-sdk/src/rp2_common/pico_float/float_init_rom.c.obj
 .debug_info    0x0000000000015dae       0x22 CMakeFiles/mylearning.dir/home/agtrout/pico/pico-sdk/src/rp2_common/pico_float/float_v1_rom_shim.S.obj
 .debug_info    0x0000000000015dd0       0x22 CMakeFiles/mylearning.dir/home/agtrout/pico/pico-sdk/src/rp2_common/pico_mem_ops/mem_ops_aeabi.S.obj
 .debug_info    0x0000000000015df2       0x22 CMakeFiles/mylearning.dir/home/agtrout/pico/pico-sdk/src/rp2_common/pico_standard_link/crt0.S.obj
 .debug_info    0x0000000000015e14      0x2c6 CMakeFiles/mylearning.dir/home/agtrout/pico/pico-sdk/src/rp2_common/pico_standard_link/binary_info.c.obj
 .debug_info    0x00000000000160da     0x1b7b CMakeFiles/mylearning.dir/home/agtrout/pico/pico-sdk/src/rp2_common/pico_stdio/stdio.c.obj
 .debug_info    0x0000000000017c55      0xc2a CMakeFiles/mylearning.dir/home/agtrout/pico/pico-sdk/src/rp2_common/pico_stdio_uart/stdio_uart.c.obj
 .debug_info    0x000000000001887f       0x26 /usr/lib/gcc/arm-none-eabi/8.3.1/thumb/v6-m/nofp/libgcc.a(_dvmd_tls.o)
 .debug_info    0x00000000000188a5      0x973 /usr/lib/gcc/arm-none-eabi/8.3.1/../../../arm-none-eabi/lib/thumb/v6-m/nofp/libg.a(lib_a-strlen-stub.o)

.debug_abbrev   0x0000000000000000     0x4cfa
 .debug_abbrev  0x0000000000000000      0x2f6 CMakeFiles/mylearning.dir/mylearning.c.obj
 .debug_abbrev  0x00000000000002f6      0x32f CMakeFiles/mylearning.dir/home/agtrout/pico/pico-sdk/src/rp2_common/hardware_gpio/gpio.c.obj
 .debug_abbrev  0x0000000000000625      0x2fb CMakeFiles/mylearning.dir/home/agtrout/pico/pico-sdk/src/rp2_common/hardware_claim/claim.c.obj
 .debug_abbrev  0x0000000000000920       0xeb CMakeFiles/mylearning.dir/home/agtrout/pico/pico-sdk/src/rp2_common/pico_platform/platform.c.obj
 .debug_abbrev  0x0000000000000a0b      0x224 CMakeFiles/mylearning.dir/home/agtrout/pico/pico-sdk/src/rp2_common/hardware_sync/sync.c.obj
 .debug_abbrev  0x0000000000000c2f      0x514 CMakeFiles/mylearning.dir/home/agtrout/pico/pico-sdk/src/rp2_common/hardware_irq/irq.c.obj
 .debug_abbrev  0x0000000000001143       0x14 CMakeFiles/mylearning.dir/home/agtrout/pico/pico-sdk/src/rp2_common/hardware_irq/irq_handler_chain.S.obj
 .debug_abbrev  0x0000000000001157      0x141 CMakeFiles/mylearning.dir/home/agtrout/pico/pico-sdk/src/common/pico_sync/lock_core.c.obj
 .debug_abbrev  0x0000000000001298      0x63a CMakeFiles/mylearning.dir/home/agtrout/pico/pico-sdk/src/common/pico_time/time.c.obj
 .debug_abbrev  0x00000000000018d2      0x3c7 CMakeFiles/mylearning.dir/home/agtrout/pico/pico-sdk/src/rp2_common/hardware_timer/timer.c.obj
 .debug_abbrev  0x0000000000001c99      0x3ad CMakeFiles/mylearning.dir/home/agtrout/pico/pico-sdk/src/common/pico_util/pheap.c.obj
 .debug_abbrev  0x0000000000002046      0x3a2 CMakeFiles/mylearning.dir/home/agtrout/pico/pico-sdk/src/common/pico_sync/mutex.c.obj
 .debug_abbrev  0x00000000000023e8      0x2e1 CMakeFiles/mylearning.dir/home/agtrout/pico/pico-sdk/src/rp2_common/hardware_uart/uart.c.obj
 .debug_abbrev  0x00000000000026c9      0x4aa CMakeFiles/mylearning.dir/home/agtrout/pico/pico-sdk/src/rp2_common/pico_runtime/runtime.c.obj
 .debug_abbrev  0x0000000000002b73      0x3c8 CMakeFiles/mylearning.dir/home/agtrout/pico/pico-sdk/src/rp2_common/hardware_clocks/clocks.c.obj
 .debug_abbrev  0x0000000000002f3b      0x1ee CMakeFiles/mylearning.dir/home/agtrout/pico/pico-sdk/src/rp2_common/hardware_pll/pll.c.obj
 .debug_abbrev  0x0000000000003129      0x2d8 CMakeFiles/mylearning.dir/home/agtrout/pico/pico-sdk/src/rp2_common/hardware_watchdog/watchdog.c.obj
 .debug_abbrev  0x0000000000003401      0x106 CMakeFiles/mylearning.dir/home/agtrout/pico/pico-sdk/src/rp2_common/hardware_xosc/xosc.c.obj
 .debug_abbrev  0x0000000000003507      0x4aa CMakeFiles/mylearning.dir/home/agtrout/pico/pico-sdk/src/rp2_common/pico_printf/printf.c.obj
 .debug_abbrev  0x00000000000039b1       0x12 CMakeFiles/mylearning.dir/home/agtrout/pico/pico-sdk/src/rp2_common/pico_bit_ops/bit_ops_aeabi.S.obj
 .debug_abbrev  0x00000000000039c3      0x144 CMakeFiles/mylearning.dir/home/agtrout/pico/pico-sdk/src/rp2_common/pico_bootrom/bootrom.c.obj
 .debug_abbrev  0x0000000000003b07       0x12 CMakeFiles/mylearning.dir/home/agtrout/pico/pico-sdk/src/rp2_common/pico_divider/divider.S.obj
 .debug_abbrev  0x0000000000003b19       0x12 CMakeFiles/mylearning.dir/home/agtrout/pico/pico-sdk/src/rp2_common/pico_double/double_aeabi.S.obj
 .debug_abbrev  0x0000000000003b2b      0x2c2 CMakeFiles/mylearning.dir/home/agtrout/pico/pico-sdk/src/rp2_common/pico_double/double_init_rom.c.obj
 .debug_abbrev  0x0000000000003ded       0x12 CMakeFiles/mylearning.dir/home/agtrout/pico/pico-sdk/src/rp2_common/pico_double/double_v1_rom_shim.S.obj
 .debug_abbrev  0x0000000000003dff       0x14 CMakeFiles/mylearning.dir/home/agtrout/pico/pico-sdk/src/rp2_common/pico_int64_ops/pico_int64_ops_aeabi.S.obj
 .debug_abbrev  0x0000000000003e13       0x12 CMakeFiles/mylearning.dir/home/agtrout/pico/pico-sdk/src/rp2_common/pico_float/float_aeabi.S.obj
 .debug_abbrev  0x0000000000003e25      0x2d5 CMakeFiles/mylearning.dir/home/agtrout/pico/pico-sdk/src/rp2_common/pico_float/float_init_rom.c.obj
 .debug_abbrev  0x00000000000040fa       0x12 CMakeFiles/mylearning.dir/home/agtrout/pico/pico-sdk/src/rp2_common/pico_float/float_v1_rom_shim.S.obj
 .debug_abbrev  0x000000000000410c       0x12 CMakeFiles/mylearning.dir/home/agtrout/pico/pico-sdk/src/rp2_common/pico_mem_ops/mem_ops_aeabi.S.obj
 .debug_abbrev  0x000000000000411e       0x12 CMakeFiles/mylearning.dir/home/agtrout/pico/pico-sdk/src/rp2_common/pico_standard_link/crt0.S.obj
 .debug_abbrev  0x0000000000004130       0xad CMakeFiles/mylearning.dir/home/agtrout/pico/pico-sdk/src/rp2_common/pico_standard_link/binary_info.c.obj
 .debug_abbrev  0x00000000000041dd      0x585 CMakeFiles/mylearning.dir/home/agtrout/pico/pico-sdk/src/rp2_common/pico_stdio/stdio.c.obj
 .debug_abbrev  0x0000000000004762      0x39c CMakeFiles/mylearning.dir/home/agtrout/pico/pico-sdk/src/rp2_common/pico_stdio_uart/stdio_uart.c.obj
 .debug_abbrev  0x0000000000004afe       0x14 /usr/lib/gcc/arm-none-eabi/8.3.1/thumb/v6-m/nofp/libgcc.a(_dvmd_tls.o)
 .debug_abbrev  0x0000000000004b12      0x1e8 /usr/lib/gcc/arm-none-eabi/8.3.1/../../../arm-none-eabi/lib/thumb/v6-m/nofp/libg.a(lib_a-strlen-stub.o)

.debug_loc      0x0000000000000000     0xd74d
 .debug_loc     0x0000000000000000       0xcc CMakeFiles/mylearning.dir/mylearning.c.obj
 .debug_loc     0x00000000000000cc     0x1160 CMakeFiles/mylearning.dir/home/agtrout/pico/pico-sdk/src/rp2_common/hardware_gpio/gpio.c.obj
 .debug_loc     0x000000000000122c      0x43d CMakeFiles/mylearning.dir/home/agtrout/pico/pico-sdk/src/rp2_common/hardware_claim/claim.c.obj
 .debug_loc     0x0000000000001669       0xe9 CMakeFiles/mylearning.dir/home/agtrout/pico/pico-sdk/src/rp2_common/pico_platform/platform.c.obj
 .debug_loc     0x0000000000001752      0x233 CMakeFiles/mylearning.dir/home/agtrout/pico/pico-sdk/src/rp2_common/hardware_sync/sync.c.obj
 .debug_loc     0x0000000000001985     0x13fa CMakeFiles/mylearning.dir/home/agtrout/pico/pico-sdk/src/rp2_common/hardware_irq/irq.c.obj
 .debug_loc     0x0000000000002d7f       0x60 CMakeFiles/mylearning.dir/home/agtrout/pico/pico-sdk/src/common/pico_sync/lock_core.c.obj
 .debug_loc     0x0000000000002ddf     0x2e3d CMakeFiles/mylearning.dir/home/agtrout/pico/pico-sdk/src/common/pico_time/time.c.obj
 .debug_loc     0x0000000000005c1c      0x903 CMakeFiles/mylearning.dir/home/agtrout/pico/pico-sdk/src/rp2_common/hardware_timer/timer.c.obj
 .debug_loc     0x000000000000651f     0x14b2 CMakeFiles/mylearning.dir/home/agtrout/pico/pico-sdk/src/common/pico_util/pheap.c.obj
 .debug_loc     0x00000000000079d1     0x1472 CMakeFiles/mylearning.dir/home/agtrout/pico/pico-sdk/src/common/pico_sync/mutex.c.obj
 .debug_loc     0x0000000000008e43      0x533 CMakeFiles/mylearning.dir/home/agtrout/pico/pico-sdk/src/rp2_common/hardware_uart/uart.c.obj
 .debug_loc     0x0000000000009376      0x37d CMakeFiles/mylearning.dir/home/agtrout/pico/pico-sdk/src/rp2_common/pico_runtime/runtime.c.obj
 .debug_loc     0x00000000000096f3      0x768 CMakeFiles/mylearning.dir/home/agtrout/pico/pico-sdk/src/rp2_common/hardware_clocks/clocks.c.obj
 .debug_loc     0x0000000000009e5b      0x302 CMakeFiles/mylearning.dir/home/agtrout/pico/pico-sdk/src/rp2_common/hardware_pll/pll.c.obj
 .debug_loc     0x000000000000a15d      0x2a0 CMakeFiles/mylearning.dir/home/agtrout/pico/pico-sdk/src/rp2_common/hardware_watchdog/watchdog.c.obj
 .debug_loc     0x000000000000a3fd       0x3d CMakeFiles/mylearning.dir/home/agtrout/pico/pico-sdk/src/rp2_common/hardware_xosc/xosc.c.obj
 .debug_loc     0x000000000000a43a     0x1fee CMakeFiles/mylearning.dir/home/agtrout/pico/pico-sdk/src/rp2_common/pico_printf/printf.c.obj
 .debug_loc     0x000000000000c428      0x1a1 CMakeFiles/mylearning.dir/home/agtrout/pico/pico-sdk/src/rp2_common/pico_bootrom/bootrom.c.obj
 .debug_loc     0x000000000000c5c9       0x59 CMakeFiles/mylearning.dir/home/agtrout/pico/pico-sdk/src/rp2_common/pico_double/double_init_rom.c.obj
 .debug_loc     0x000000000000c622       0x73 CMakeFiles/mylearning.dir/home/agtrout/pico/pico-sdk/src/rp2_common/pico_float/float_init_rom.c.obj
 .debug_loc     0x000000000000c695      0xb29 CMakeFiles/mylearning.dir/home/agtrout/pico/pico-sdk/src/rp2_common/pico_stdio/stdio.c.obj
 .debug_loc     0x000000000000d1be      0x4ec CMakeFiles/mylearning.dir/home/agtrout/pico/pico-sdk/src/rp2_common/pico_stdio_uart/stdio_uart.c.obj
 .debug_loc     0x000000000000d6aa       0xa3 /usr/lib/gcc/arm-none-eabi/8.3.1/../../../arm-none-eabi/lib/thumb/v6-m/nofp/libg.a(lib_a-strlen-stub.o)

.debug_aranges  0x0000000000000000      0xe18
 .debug_aranges
                0x0000000000000000       0x20 CMakeFiles/mylearning.dir/mylearning.c.obj
 .debug_aranges
                0x0000000000000020      0x100 CMakeFiles/mylearning.dir/home/agtrout/pico/pico-sdk/src/rp2_common/hardware_gpio/gpio.c.obj
 .debug_aranges
                0x0000000000000120       0x48 CMakeFiles/mylearning.dir/home/agtrout/pico/pico-sdk/src/rp2_common/hardware_claim/claim.c.obj
 .debug_aranges
                0x0000000000000168       0x28 CMakeFiles/mylearning.dir/home/agtrout/pico/pico-sdk/src/rp2_common/pico_platform/platform.c.obj
 .debug_aranges
                0x0000000000000190       0x58 CMakeFiles/mylearning.dir/home/agtrout/pico/pico-sdk/src/rp2_common/hardware_sync/sync.c.obj
 .debug_aranges
                0x00000000000001e8       0xc8 CMakeFiles/mylearning.dir/home/agtrout/pico/pico-sdk/src/rp2_common/hardware_irq/irq.c.obj
 .debug_aranges
                0x00000000000002b0       0x20 CMakeFiles/mylearning.dir/home/agtrout/pico/pico-sdk/src/rp2_common/hardware_irq/irq_handler_chain.S.obj
 .debug_aranges
                0x00000000000002d0       0x20 CMakeFiles/mylearning.dir/home/agtrout/pico/pico-sdk/src/common/pico_sync/lock_core.c.obj
 .debug_aranges
                0x00000000000002f0       0xd0 CMakeFiles/mylearning.dir/home/agtrout/pico/pico-sdk/src/common/pico_time/time.c.obj
 .debug_aranges